<html>
<body>
<pre>
<h1>µVision Build Log</h1>
<h2>Tool Versions:</h2>
IDE-Version: ¦ÌVision V5.18.0.0
Copyright (C) 2016 ARM Ltd and ARM Germany GmbH. All rights reserved.
License Information: uh Microsoft, Microsoft, LIC=FQQ63-AFWJX-PEBH1-CJ6Q7-NF08T-M0I37
 
Tool Versions:
Toolchain:       MDK-ARM Professional  Version: 5.18
Toolchain Path:  D:\Keil_v5\ARM\ARMCC\Bin
C Compiler:      Armcc.exe V5.06 update 1 (build 61)
Assembler:       Armasm.exe V5.06 update 1 (build 61)
Linker/Locator:  ArmLink.exe V5.06 update 1 (build 61)
Library Manager: ArmAr.exe V5.06 update 1 (build 61)
Hex Converter:   FromElf.exe V5.06 update 1 (build 61)
CPU DLL:         SARMCM3.DLL V5.18
Dialog DLL:      DCM.DLL V1.13.6.0
Target DLL:      UL2CM3.DLL V1.157.5.0
Dialog DLL:      TCM.DLL V1.14.8.0
 
<h2>Project:</h2>
D:\Projects\mp3\mp3.uvprojx
Project File Date:  07/12/2016

<h2>Output:</h2>
*** Using Compiler 'V5.06 update 1 (build 61)', folder: 'D:\Keil_v5\ARM\ARMCC\Bin'
Rebuild target 'Target 1'
compiling decode.c...
compiling bitstream.c...
compiling buffers.c...
compiling dequant.c...
compiling dct32.c...
compiling main.c...
compiling dqchan.c...
compiling hufftabs.c...
compiling huffman.c...
compiling mp3_play.c...
compiling mp3tabs.c...
compiling mp3dec.c...
compiling imdct.c...
compiling scalfact.c...
compiling subband.c...
compiling trigtabs.c...
compiling stproc.c...
assembling asmmisc.S...
assembling asmpoly_thumb2.S...
compiling ff.c...
compiling gpio_init.c...
compiling diskio.c...
compiling sdio_init.c...
compiling tim_init.c...
compiling RTX_Conf_CM.c...
compiling stm3210e_eval.c...
compiling stm32_eval_sdio_sd.c...
compiling MCI_STM32F10x.c...
compiling misc.c...
compiling stm32f10x_dac.c...
compiling stm32f10x_dma.c...
compiling stm32f10x_exti.c...
compiling stm32f10x_gpio.c...
compiling stm32f10x_rcc.c...
compiling stm32f10x_i2c.c...
compiling stm32f10x_sdio.c...
compiling stm32f10x_spi.c...
compiling stm32f10x_tim.c...
compiling stm32f10x_usart.c...
assembling startup_stm32f10x_hd.s...
compiling DMA_STM32F10x.c...
compiling GPIO_STM32F10x.c...
compiling system_stm32f10x.c...
linking...
Program Size: Code=6616 RO-data=416 RW-data=68 ZI-data=3988  
".\Objects\mp3.axf" - 0 Error(s), 0 Warning(s).

<h2>Software Packages used:</h2>

Package Vendor: ARM
                http://www.keil.com/pack/ARM.CMSIS.4.5.0.pack
                ::CMSIS:RTOS:1.0 (API)
                CMSIS (Cortex Microcontroller Software Interface Standard)
   * Component: RTOS Version: 1.0
   * Component: MCI Version: 2.02
   * Component: CORE Version: 4.3.0
   * Component: DSP Version: 1.4.6
   * Component: Keil RTX Version: 4.80.0

Package Vendor: Keil
                http://www.keil.com/pack/Keil.STM32F1xx_DFP.2.0.0.pack
                Keil::Device:Startup:1.0.0
                STMicroelectronics STM32F1 Series Device Support, Drivers and Examples
   * Component: Startup Version: 1.0.0
   * Component: Framework Version: 3.5.1
   * Component: DAC Version: 3.5.0
   * Component: DMA Version: 3.5.0
   * Component: EXTI Version: 3.5.0
   * Component: GPIO Version: 3.5.0
   * Component: I2C Version: 3.5.0
   * Component: RCC Version: 3.5.0
   * Component: SDIO Version: 3.5.0
   * Component: SPI Version: 3.5.0
   * Component: TIM Version: 3.5.0
   * Component: USART Version: 3.5.0
   * Component: GPIO Version: 1.2
   * Component: DMA Version: 1.2
   * Component: MCI Version: 2.0

<h2>Collection of Component include folders:</h2>
  D:\Projects\mp3\RTE
  D:\Projects\mp3\RTE\Device\STM32F103RC
  D:\Keil_v5\ARM\PACK\ARM\CMSIS\4.5.0\CMSIS\Driver\Include
  D:\Keil_v5\ARM\PACK\ARM\CMSIS\4.5.0\CMSIS\Include
  D:\Keil_v5\ARM\PACK\ARM\CMSIS\4.5.0\CMSIS\RTOS\RTX\INC
  D:\Keil_v5\ARM\PACK\Keil\STM32F1xx_DFP\2.0.0\Device\Include
  D:\Keil_v5\ARM\PACK\Keil\STM32F1xx_DFP\2.0.0\Device\StdPeriph_Driver\inc
  D:\Keil_v5\ARM\PACK\Keil\STM32F1xx_DFP\2.0.0\RTE_Driver

<h2>Collection of Component Files used:</h2>

   * Component: ::CMSIS:RTOS:1.0 (API)

   * Component: ::CMSIS Driver:MCI:2.02 (API)
      Include file:  CMSIS\Driver\Include\Driver_MCI.h

   * Component: ARM::CMSIS:CORE:4.3.0

   * Component: ARM::CMSIS:DSP:1.4.6
      Include file:  CMSIS\Include\arm_math.h
      Library file:  CMSIS\Lib\ARM\arm_cortexM3l_math.lib

   * Component: ARM::CMSIS:RTOS:Keil RTX:4.80.0
      Include file:  CMSIS\RTOS\RTX\INC\cmsis_os.h
      Source file:   CMSIS\RTOS\RTX\Templates\RTX_Conf_CM.c
      Include file:  CMSIS\RTOS\RTX\UserCodeTemplates\osObjects.h
      Source file:   CMSIS\RTOS\RTX\UserCodeTemplates\main.c
      Source file:   CMSIS\RTOS\RTX\UserCodeTemplates\MailQueue.c
      Source file:   CMSIS\RTOS\RTX\UserCodeTemplates\MemPool.c
      Source file:   CMSIS\RTOS\RTX\UserCodeTemplates\MsgQueue.c
      Source file:   CMSIS\RTOS\RTX\UserCodeTemplates\Mutex.c
      Source file:   CMSIS\RTOS\RTX\UserCodeTemplates\Semaphore.c
      Source file:   CMSIS\RTOS\RTX\UserCodeTemplates\Thread.c
      Source file:   CMSIS\RTOS\RTX\UserCodeTemplates\Timer.c
      Source file:   CMSIS\RTOS\RTX\SRC\ARM\SVC_Table.s
      Library file:  CMSIS\RTOS\RTX\LIB\ARM\RTX_CM3.lib

   * Component: Keil::Device:Startup:1.0.0
      Source file:   Device\Source\ARM\STM32F1xx_OPT.s
      Source file:   Device\Source\ARM\startup_stm32f10x_hd.s
      Source file:   Device\Source\system_stm32f10x.c
      Include file:  RTE_Driver\Config\RTE_Device.h

   * Component: Keil::Device:StdPeriph Drivers:Framework:3.5.1
      Include file:  Device\StdPeriph_Driver\inc\misc.h
      Source file:   Device\StdPeriph_Driver\src\misc.c
      Source file:   Device\StdPeriph_Driver\templates\stm32f10x_conf.h
      Include file:  Device\StdPeriph_Driver\templates\stm32f10x_it.h
      Source file:   Device\StdPeriph_Driver\templates\stm32f10x_it.c

   * Component: Keil::Device:StdPeriph Drivers:DAC:3.5.0
      Include file:  Device\StdPeriph_Driver\inc\stm32f10x_dac.h
      Source file:   Device\StdPeriph_Driver\src\stm32f10x_dac.c

   * Component: Keil::Device:StdPeriph Drivers:DMA:3.5.0
      Include file:  Device\StdPeriph_Driver\inc\stm32f10x_dma.h
      Source file:   Device\StdPeriph_Driver\src\stm32f10x_dma.c

   * Component: Keil::Device:StdPeriph Drivers:EXTI:3.5.0
      Include file:  Device\StdPeriph_Driver\inc\stm32f10x_exti.h
      Source file:   Device\StdPeriph_Driver\src\stm32f10x_exti.c

   * Component: Keil::Device:StdPeriph Drivers:GPIO:3.5.0
      Include file:  Device\StdPeriph_Driver\inc\stm32f10x_gpio.h
      Source file:   Device\StdPeriph_Driver\src\stm32f10x_gpio.c

   * Component: Keil::Device:StdPeriph Drivers:I2C:3.5.0
      Include file:  Device\StdPeriph_Driver\inc\stm32f10x_i2c.h
      Source file:   Device\StdPeriph_Driver\src\stm32f10x_i2c.c

   * Component: Keil::Device:StdPeriph Drivers:RCC:3.5.0
      Include file:  Device\StdPeriph_Driver\inc\stm32f10x_rcc.h
      Source file:   Device\StdPeriph_Driver\src\stm32f10x_rcc.c

   * Component: Keil::Device:StdPeriph Drivers:SDIO:3.5.0
      Include file:  Device\StdPeriph_Driver\inc\stm32f10x_sdio.h
      Source file:   Device\StdPeriph_Driver\src\stm32f10x_sdio.c

   * Component: Keil::Device:StdPeriph Drivers:SPI:3.5.0
      Include file:  Device\StdPeriph_Driver\inc\stm32f10x_spi.h
      Source file:   Device\StdPeriph_Driver\src\stm32f10x_spi.c

   * Component: Keil::Device:StdPeriph Drivers:TIM:3.5.0
      Include file:  Device\StdPeriph_Driver\inc\stm32f10x_tim.h
      Source file:   Device\StdPeriph_Driver\src\stm32f10x_tim.c

   * Component: Keil::Device:StdPeriph Drivers:USART:3.5.0
      Include file:  Device\StdPeriph_Driver\inc\stm32f10x_usart.h
      Source file:   Device\StdPeriph_Driver\src\stm32f10x_usart.c

   * Component: Keil::Device:GPIO:1.2
      Include file:  RTE_Driver\GPIO_STM32F10x.h
      Source file:   RTE_Driver\GPIO_STM32F10x.c

   * Component: Keil::Device:DMA:1.2
      Include file:  RTE_Driver\DMA_STM32F10x.h
      Source file:   RTE_Driver\DMA_STM32F10x.c

   * Component: Keil::CMSIS Driver:MCI:2.0
      Source file:   RTE_Driver\MCI_STM32F10x.c
Build Time Elapsed:  00:00:10
</pre>
</body>
</html>
