Component: ARM Compiler 5.06 update 1 (build 61) Tool: armlink [4d35a8]

==============================================================================

Section Cross References

    bitstream.o(i.xmp3_GetBits) refers to bitstream.o(i.RefillBitstreamCache) for RefillBitstreamCache
    bitstream.o(i.xmp3_UnpackFrameHeader) refers to mp3tabs.o(.constdata) for xmp3_sfBandTable
    bitstream.o(i.xmp3_UnpackFrameHeader) refers to mp3tabs.o(.constdata) for xmp3_samplerateTab
    bitstream.o(i.xmp3_UnpackFrameHeader) refers to mp3tabs.o(.constdata) for xmp3_samplesPerFrameTab
    bitstream.o(i.xmp3_UnpackFrameHeader) refers to mp3tabs.o(.constdata) for xmp3_bitrateTab
    bitstream.o(i.xmp3_UnpackFrameHeader) refers to mp3tabs.o(.constdata) for xmp3_slotTab
    bitstream.o(i.xmp3_UnpackFrameHeader) refers to mp3tabs.o(.constdata) for xmp3_sideBytesTab
    bitstream.o(i.xmp3_UnpackSideInfo) refers to bitstream.o(i.xmp3_SetBitstreamPointer) for xmp3_SetBitstreamPointer
    bitstream.o(i.xmp3_UnpackSideInfo) refers to bitstream.o(i.xmp3_GetBits) for xmp3_GetBits
    buffers.o(i.xmp3_AllocateBuffers) refers to buffers.o(i.ClearBuffer) for ClearBuffer
    buffers.o(i.xmp3_AllocateBuffers) refers to buffers.o(.bss) for .bss
    dct32.o(i.xmp3_FDCT32) refers to asmmisc.o(.text) for xmp3_MULSHIFT32
    dct32.o(i.xmp3_FDCT32) refers to dct32.o(.constdata) for .constdata
    dequant.o(i.xmp3_Dequantize) refers to dqchan.o(i.xmp3_DequantChannel) for xmp3_DequantChannel
    dequant.o(i.xmp3_Dequantize) refers to stproc.o(i.xmp3_MidSideProc) for xmp3_MidSideProc
    dequant.o(i.xmp3_Dequantize) refers to stproc.o(i.xmp3_IntensityProcMPEG2) for xmp3_IntensityProcMPEG2
    dequant.o(i.xmp3_Dequantize) refers to dequant.o(i.CLZ) for CLZ
    dequant.o(i.xmp3_Dequantize) refers to stproc.o(i.xmp3_IntensityProcMPEG1) for xmp3_IntensityProcMPEG1
    dqchan.o(i.DequantBlock) refers to asmmisc.o(.text) for xmp3_MULSHIFT32
    dqchan.o(i.DequantBlock) refers to dqchan.o(.constdata) for .constdata
    dqchan.o(i.xmp3_DequantChannel) refers to dqchan.o(i.DequantBlock) for DequantBlock
    dqchan.o(i.xmp3_DequantChannel) refers to dqchan.o(i.CLZ) for CLZ
    dqchan.o(i.xmp3_DequantChannel) refers to dqchan.o(.constdata) for .constdata
    huffman.o(i.DecodeHuffmanPairs) refers to hufftabs.o(.constdata) for xmp3_huffTabOffset
    huffman.o(i.DecodeHuffmanPairs) refers to hufftabs.o(.constdata) for xmp3_huffTable
    huffman.o(i.DecodeHuffmanPairs) refers to hufftabs.o(.constdata) for xmp3_huffTabLookup
    huffman.o(i.DecodeHuffmanQuads) refers to hufftabs.o(.constdata) for xmp3_quadTabOffset
    huffman.o(i.DecodeHuffmanQuads) refers to hufftabs.o(.constdata) for xmp3_quadTable
    huffman.o(i.DecodeHuffmanQuads) refers to hufftabs.o(.constdata) for xmp3_quadTabMaxBits
    huffman.o(i.xmp3_DecodeHuffman) refers to huffman.o(i.DecodeHuffmanPairs) for DecodeHuffmanPairs
    huffman.o(i.xmp3_DecodeHuffman) refers to huffman.o(i.DecodeHuffmanQuads) for DecodeHuffmanQuads
    imdct.o(i.AntiAlias) refers to asmmisc.o(.text) for xmp3_MULSHIFT32
    imdct.o(i.AntiAlias) refers to trigtabs.o(.constdata) for xmp3_csa
    imdct.o(i.FreqInvertRescale) refers to asmmisc.o(.text) for xmp3_FASTABS
    imdct.o(i.HybridTransform) refers to imdct.o(i.IMDCT36) for IMDCT36
    imdct.o(i.HybridTransform) refers to imdct.o(i.IMDCT12x3) for IMDCT12x3
    imdct.o(i.HybridTransform) refers to imdct.o(i.WinPrevious) for WinPrevious
    imdct.o(i.HybridTransform) refers to asmmisc.o(.text) for xmp3_FASTABS
    imdct.o(i.IMDCT12x3) refers to imdct.o(i.imdct12) for imdct12
    imdct.o(i.IMDCT12x3) refers to imdct.o(i.WinPrevious) for WinPrevious
    imdct.o(i.IMDCT12x3) refers to asmmisc.o(.text) for xmp3_FASTABS
    imdct.o(i.IMDCT12x3) refers to imdct.o(i.FreqInvertRescale) for FreqInvertRescale
    imdct.o(i.IMDCT12x3) refers to trigtabs.o(.constdata) for xmp3_imdctWin
    imdct.o(i.IMDCT36) refers to imdct.o(i.idct9) for idct9
    imdct.o(i.IMDCT36) refers to imdct.o(i.WinPrevious) for WinPrevious
    imdct.o(i.IMDCT36) refers to asmmisc.o(.text) for xmp3_MULSHIFT32
    imdct.o(i.IMDCT36) refers to imdct.o(i.FreqInvertRescale) for FreqInvertRescale
    imdct.o(i.IMDCT36) refers to imdct.o(.constdata) for .constdata
    imdct.o(i.IMDCT36) refers to trigtabs.o(.constdata) for xmp3_imdctWin
    imdct.o(i.WinPrevious) refers to asmmisc.o(.text) for xmp3_MULSHIFT32
    imdct.o(i.WinPrevious) refers to trigtabs.o(.constdata) for xmp3_imdctWin
    imdct.o(i.idct9) refers to asmmisc.o(.text) for xmp3_MULSHIFT32
    imdct.o(i.imdct12) refers to asmmisc.o(.text) for xmp3_MULSHIFT32
    imdct.o(i.xmp3_IMDCT) refers to imdct.o(i.AntiAlias) for AntiAlias
    imdct.o(i.xmp3_IMDCT) refers to imdct.o(i.HybridTransform) for HybridTransform
    mp3dec.o(i.MP3Decode) refers to bitstream.o(i.xmp3_UnpackFrameHeader) for xmp3_UnpackFrameHeader
    mp3dec.o(i.MP3Decode) refers to bitstream.o(i.xmp3_UnpackSideInfo) for xmp3_UnpackSideInfo
[...]
    ../clib/printf.c                         0x00000000   Number         0  _printf_char_common.o ABSOLUTE
    ../clib/printf.c                         0x00000000   Number         0  __2printf.o ABSOLUTE
    ../clib/printf.c                         0x00000000   Number         0  __printf_nopercent.o ABSOLUTE
    ../clib/printf.c                         0x00000000   Number         0  _printf_char_file.o ABSOLUTE
    ../clib/printf.c                         0x00000000   Number         0  noretval__2printf.o ABSOLUTE
    ../clib/signal.c                         0x00000000   Number         0  defsig_rtred_inner.o ABSOLUTE
    ../clib/signal.c                         0x00000000   Number         0  defsig_general.o ABSOLUTE
    ../clib/signal.c                         0x00000000   Number         0  defsig_exit.o ABSOLUTE
    ../clib/signal.c                         0x00000000   Number         0  defsig_rtmem_formal.o ABSOLUTE
    ../clib/signal.c                         0x00000000   Number         0  defsig_fpe_inner.o ABSOLUTE
    ../clib/signal.c                         0x00000000   Number         0  defsig_rtmem_inner.o ABSOLUTE
    ../clib/signal.c                         0x00000000   Number         0  defsig_other.o ABSOLUTE
    ../clib/signal.c                         0x00000000   Number         0  defsig_fpe_formal.o ABSOLUTE
    ../clib/signal.c                         0x00000000   Number         0  defsig_rtred_outer.o ABSOLUTE
    ../clib/signal.c                         0x00000000   Number         0  defsig_rtred_formal.o ABSOLUTE
    ../clib/signal.c                         0x00000000   Number         0  defsig_abrt_inner.o ABSOLUTE
    ../clib/signal.c                         0x00000000   Number         0  defsig_stak_inner.o ABSOLUTE
    ../clib/signal.c                         0x00000000   Number         0  defsig_pvfn_inner.o ABSOLUTE
    ../clib/signal.c                         0x00000000   Number         0  defsig_cppl_inner.o ABSOLUTE
    ../clib/signal.c                         0x00000000   Number         0  defsig_rtmem_outer.o ABSOLUTE
    ../clib/signal.c                         0x00000000   Number         0  defsig_segv_inner.o ABSOLUTE
    ../clib/signal.c                         0x00000000   Number         0  __raise.o ABSOLUTE
    ../clib/signal.c                         0x00000000   Number         0  defsig_fpe_outer.o ABSOLUTE
    ../clib/signal.s                         0x00000000   Number         0  defsig.o ABSOLUTE
    ../clib/stdio.c                          0x00000000   Number         0  ferror.o ABSOLUTE
    ../clib/stdio.c                          0x00000000   Number         0  fputc.o ABSOLUTE
    ../clib/stdio.c                          0x00000000   Number         0  initio.o ABSOLUTE
    ../clib/stdio.c                          0x00000000   Number         0  fputc_locked.o ABSOLUTE
    ../clib/stdio.c                          0x00000000   Number         0  ferror_locked.o ABSOLUTE
    ../clib/stdio.c                          0x00000000   Number         0  fopen.o ABSOLUTE
    ../clib/stdio.c                          0x00000000   Number         0  initio_locked.o ABSOLUTE
    ../clib/stdio.c                          0x00000000   Number         0  fopen_locked.o ABSOLUTE
    ../clib/stdio.c                          0x00000000   Number         0  setvbuf_locked.o ABSOLUTE
    ../clib/stdio.c                          0x00000000   Number         0  fclose.o ABSOLUTE
    ../clib/stdio.c                          0x00000000   Number         0  streamlock.o ABSOLUTE
    ../clib/stdio.c                          0x00000000   Number         0  setvbuf.o ABSOLUTE
    ../clib/stdio.c                          0x00000000   Number         0  flsbuf.o ABSOLUTE
    ../clib/stdio.c                          0x00000000   Number         0  ftell.o ABSOLUTE
    ../clib/stdio.c                          0x00000000   Number         0  stdio.o ABSOLUTE
    ../clib/stdio.c                          0x00000000   Number         0  fwritefast.o ABSOLUTE
    ../clib/stdio.c                          0x00000000   Number         0  fflush.o ABSOLUTE
    ../clib/stdio.c                          0x00000000   Number         0  fputs.o ABSOLUTE
    ../clib/stdio.c                          0x00000000   Number         0  fputs_locked.o ABSOLUTE
    ../clib/stdio.c                          0x00000000   Number         0  fflush_locked.o ABSOLUTE
    ../clib/stdio.c                          0x00000000   Number         0  fwritefast_locked.o ABSOLUTE
    ../clib/stdio.c                          0x00000000   Number         0  stdio_streams.o ABSOLUTE
    ../clib/stdio.c                          0x00000000   Number         0  fseek.o ABSOLUTE
    ../clib/stdlib.c                         0x00000000   Number         0  exit.o ABSOLUTE
    ../clib/string.c                         0x00000000   Number         0  strlen.o ABSOLUTE
    ../clib/wchar.c                          0x00000000   Number         0  flsbuf_fwide.o ABSOLUTE
    ../fplib/fpinit.s                        0x00000000   Number         0  fpinit.o ABSOLUTE
    ..\HAL_CM.c                              0x00000000   Number         0  hal_cm.o ABSOLUTE
    ..\\rt_CMSIS.c                           0x00000000   Number         0  rt_cmsis.o ABSOLUTE
    ..\\rt_System.c                          0x00000000   Number         0  rt_system.o ABSOLUTE
    ..\rt_CMSIS.c                            0x00000000   Number         0  rt_cmsis.o ABSOLUTE
    ..\rt_Event.c                            0x00000000   Number         0  rt_event.o ABSOLUTE
    ..\rt_List.c                             0x00000000   Number         0  rt_list.o ABSOLUTE
    ..\rt_Mailbox.c                          0x00000000   Number         0  rt_mailbox.o ABSOLUTE
    ..\rt_MemBox.c                           0x00000000   Number         0  rt_membox.o ABSOLUTE
    ..\rt_Memory.c                           0x00000000   Number         0  rt_memory.o ABSOLUTE
    ..\rt_Mutex.c                            0x00000000   Number         0  rt_mutex.o ABSOLUTE
    ..\rt_Robin.c                            0x00000000   Number         0  rt_robin.o ABSOLUTE
    ..\rt_Semaphore.c                        0x00000000   Number         0  rt_semaphore.o ABSOLUTE
    ..\rt_System.c                           0x00000000   Number         0  rt_system.o ABSOLUTE
    ..\rt_Task.c                             0x00000000   Number         0  rt_task.o ABSOLUTE
    ..\rt_Time.c                             0x00000000   Number         0  rt_time.o ABSOLUTE
    D:\Keil_v5\ARM\PACK\Keil\STM32F1xx_DFP\2.0.0\Device\StdPeriph_Driver\src\misc.c 0x00000000   Number         0  misc.o ABSOLUTE
    D:\Keil_v5\ARM\PACK\Keil\STM32F1xx_DFP\2.0.0\Device\StdPeriph_Driver\src\stm32f10x_dac.c 0x00000000   Number         0  stm32f10x_dac.o ABSOLUTE
    D:\Keil_v5\ARM\PACK\Keil\STM32F1xx_DFP\2.0.0\Device\StdPeriph_Driver\src\stm32f10x_dma.c 0x00000000   Number         0  stm32f10x_dma.o ABSOLUTE
    D:\Keil_v5\ARM\PACK\Keil\STM32F1xx_DFP\2.0.0\Device\StdPeriph_Driver\src\stm32f10x_exti.c 0x00000000   Number         0  stm32f10x_exti.o ABSOLUTE
    D:\Keil_v5\ARM\PACK\Keil\STM32F1xx_DFP\2.0.0\Device\StdPeriph_Driver\src\stm32f10x_gpio.c 0x00000000   Number         0  stm32f10x_gpio.o ABSOLUTE
    D:\Keil_v5\ARM\PACK\Keil\STM32F1xx_DFP\2.0.0\Device\StdPeriph_Driver\src\stm32f10x_i2c.c 0x00000000   Number         0  stm32f10x_i2c.o ABSOLUTE
    D:\Keil_v5\ARM\PACK\Keil\STM32F1xx_DFP\2.0.0\Device\StdPeriph_Driver\src\stm32f10x_rcc.c 0x00000000   Number         0  stm32f10x_rcc.o ABSOLUTE
    D:\Keil_v5\ARM\PACK\Keil\STM32F1xx_DFP\2.0.0\Device\StdPeriph_Driver\src\stm32f10x_sdio.c 0x00000000   Number         0  stm32f10x_sdio.o ABSOLUTE
    D:\Keil_v5\ARM\PACK\Keil\STM32F1xx_DFP\2.0.0\Device\StdPeriph_Driver\src\stm32f10x_spi.c 0x00000000   Number         0  stm32f10x_spi.o ABSOLUTE
    D:\Keil_v5\ARM\PACK\Keil\STM32F1xx_DFP\2.0.0\Device\StdPeriph_Driver\src\stm32f10x_tim.c 0x00000000   Number         0  stm32f10x_tim.o ABSOLUTE
    D:\Keil_v5\ARM\PACK\Keil\STM32F1xx_DFP\2.0.0\Device\StdPeriph_Driver\src\stm32f10x_usart.c 0x00000000   Number         0  stm32f10x_usart.o ABSOLUTE
    D:\Keil_v5\ARM\PACK\Keil\STM32F1xx_DFP\2.0.0\RTE_Driver\DMA_STM32F10x.c 0x00000000   Number         0  dma_stm32f10x.o ABSOLUTE
    D:\Keil_v5\ARM\PACK\Keil\STM32F1xx_DFP\2.0.0\RTE_Driver\GPIO_STM32F10x.c 0x00000000   Number         0  gpio_stm32f10x.o ABSOLUTE
    D:\Keil_v5\ARM\PACK\Keil\STM32F1xx_DFP\2.0.0\RTE_Driver\MCI_STM32F10x.c 0x00000000   Number         0  mci_stm32f10x.o ABSOLUTE
    D:\\Keil_v5\\ARM\\PACK\\Keil\\STM32F1xx_DFP\\2.0.0\\Device\\StdPeriph_Driver\\src\\misc.c 0x00000000   Number         0  misc.o ABSOLUTE
    D:\\Keil_v5\\ARM\\PACK\\Keil\\STM32F1xx_DFP\\2.0.0\\Device\\StdPeriph_Driver\\src\\stm32f10x_dac.c 0x00000000   Number         0  stm32f10x_dac.o ABSOLUTE
    D:\\Keil_v5\\ARM\\PACK\\Keil\\STM32F1xx_DFP\\2.0.0\\Device\\StdPeriph_Driver\\src\\stm32f10x_dma.c 0x00000000   Number         0  stm32f10x_dma.o ABSOLUTE
    D:\\Keil_v5\\ARM\\PACK\\Keil\\STM32F1xx_DFP\\2.0.0\\Device\\StdPeriph_Driver\\src\\stm32f10x_exti.c 0x00000000   Number         0  stm32f10x_exti.o ABSOLUTE
    D:\\Keil_v5\\ARM\\PACK\\Keil\\STM32F1xx_DFP\\2.0.0\\Device\\StdPeriph_Driver\\src\\stm32f10x_gpio.c 0x00000000   Number         0  stm32f10x_gpio.o ABSOLUTE
    D:\\Keil_v5\\ARM\\PACK\\Keil\\STM32F1xx_DFP\\2.0.0\\Device\\StdPeriph_Driver\\src\\stm32f10x_i2c.c 0x00000000   Number         0  stm32f10x_i2c.o ABSOLUTE
    D:\\Keil_v5\\ARM\\PACK\\Keil\\STM32F1xx_DFP\\2.0.0\\Device\\StdPeriph_Driver\\src\\stm32f10x_rcc.c 0x00000000   Number         0  stm32f10x_rcc.o ABSOLUTE
    D:\\Keil_v5\\ARM\\PACK\\Keil\\STM32F1xx_DFP\\2.0.0\\Device\\StdPeriph_Driver\\src\\stm32f10x_sdio.c 0x00000000   Number         0  stm32f10x_sdio.o ABSOLUTE
    D:\\Keil_v5\\ARM\\PACK\\Keil\\STM32F1xx_DFP\\2.0.0\\Device\\StdPeriph_Driver\\src\\stm32f10x_spi.c 0x00000000   Number         0  stm32f10x_spi.o ABSOLUTE
    D:\\Keil_v5\\ARM\\PACK\\Keil\\STM32F1xx_DFP\\2.0.0\\Device\\StdPeriph_Driver\\src\\stm32f10x_tim.c 0x00000000   Number         0  stm32f10x_tim.o ABSOLUTE
    D:\\Keil_v5\\ARM\\PACK\\Keil\\STM32F1xx_DFP\\2.0.0\\Device\\StdPeriph_Driver\\src\\stm32f10x_usart.c 0x00000000   Number         0  stm32f10x_usart.o ABSOLUTE
    D:\\Keil_v5\\ARM\\PACK\\Keil\\STM32F1xx_DFP\\2.0.0\\RTE_Driver\\DMA_STM32F10x.c 0x00000000   Number         0  dma_stm32f10x.o ABSOLUTE
    D:\\Keil_v5\\ARM\\PACK\\Keil\\STM32F1xx_DFP\\2.0.0\\RTE_Driver\\GPIO_STM32F10x.c 0x00000000   Number         0  gpio_stm32f10x.o ABSOLUTE
    D:\\Keil_v5\\ARM\\PACK\\Keil\\STM32F1xx_DFP\\2.0.0\\RTE_Driver\\MCI_STM32F10x.c 0x00000000   Number         0  mci_stm32f10x.o ABSOLUTE
    HAL_CM3.c                                0x00000000   Number         0  hal_cm3.o ABSOLUTE
    HAL_CM3.c                                0x00000000   Number         0  hal_cm3.o ABSOLUTE
    RTE\CMSIS\RTX_Conf_CM.c                  0x00000000   Number         0  rtx_conf_cm.o ABSOLUTE
    RTE\Device\STM32F103RC\startup_stm32f10x_hd.s 0x00000000   Number         0  startup_stm32f10x_hd.o ABSOLUTE
    RTE\Device\STM32F103RC\system_stm32f10x.c 0x00000000   Number         0  system_stm32f10x.o ABSOLUTE
    RTE\\CMSIS\\RTX_Conf_CM.c                0x00000000   Number         0  rtx_conf_cm.o ABSOLUTE
    RTE\\Device\\STM32F103RC\\system_stm32f10x.c 0x00000000   Number         0  system_stm32f10x.o ABSOLUTE
    SRC\Decodeing System\arm\asmmisc.S       0x00000000   Number         0  asmmisc.o ABSOLUTE
    SRC\Decodeing System\arm\asmpoly_thumb2.S 0x00000000   Number         0  asmpoly_thumb2.o ABSOLUTE
    SRC\Decodeing System\bitstream.c         0x00000000   Number         0  bitstream.o ABSOLUTE
    SRC\Decodeing System\buffers.c           0x00000000   Number         0  buffers.o ABSOLUTE
    SRC\Decodeing System\dct32.c             0x00000000   Number         0  dct32.o ABSOLUTE
    SRC\Decodeing System\decode.c            0x00000000   Number         0  decode.o ABSOLUTE
    SRC\Decodeing System\dequant.c           0x00000000   Number         0  dequant.o ABSOLUTE
    SRC\Decodeing System\dqchan.c            0x00000000   Number         0  dqchan.o ABSOLUTE
    SRC\Decodeing System\huffman.c           0x00000000   Number         0  huffman.o ABSOLUTE
    SRC\Decodeing System\hufftabs.c          0x00000000   Number         0  hufftabs.o ABSOLUTE
    SRC\Decodeing System\imdct.c             0x00000000   Number         0  imdct.o ABSOLUTE
    SRC\Decodeing System\mp3_play.c          0x00000000   Number         0  mp3_play.o ABSOLUTE
    SRC\Decodeing System\mp3dec.c            0x00000000   Number         0  mp3dec.o ABSOLUTE
    SRC\Decodeing System\mp3tabs.c           0x00000000   Number         0  mp3tabs.o ABSOLUTE
    SRC\Decodeing System\scalfact.c          0x00000000   Number         0  scalfact.o ABSOLUTE
    SRC\Decodeing System\stproc.c            0x00000000   Number         0  stproc.o ABSOLUTE
    SRC\Decodeing System\subband.c           0x00000000   Number         0  subband.o ABSOLUTE
    SRC\Decodeing System\trigtabs.c          0x00000000   Number         0  trigtabs.o ABSOLUTE
    SRC\File system\diskio.c                 0x00000000   Number         0  diskio.o ABSOLUTE
    SRC\File system\ff.c                     0x00000000   Number         0  ff.o ABSOLUTE
    SRC\Main\main.c                          0x00000000   Number         0  main.o ABSOLUTE
    SRC\Periph settings\gpio_init.c          0x00000000   Number         0  gpio_init.o ABSOLUTE
    SRC\Periph settings\sdio_init.c          0x00000000   Number         0  sdio_init.o ABSOLUTE
    SRC\Periph settings\tim_init.c           0x00000000   Number         0  tim_init.o ABSOLUTE
    SRC\\File system\\diskio.c               0x00000000   Number         0  diskio.o ABSOLUTE
    SRC\\Main\\main.c                        0x00000000   Number         0  main.o ABSOLUTE
    SRC\\Periph settings\\gpio_init.c        0x00000000   Number         0  gpio_init.o ABSOLUTE
    SRC\\Periph settings\\sdio_init.c        0x00000000   Number         0  sdio_init.o ABSOLUTE
    SRC\\Periph settings\\tim_init.c         0x00000000   Number         0  tim_init.o ABSOLUTE
    SVC_Table.s                              0x00000000   Number         0  svc_table.o ABSOLUTE
    Utilities\STM32_EVAL\Common\stm32_eval_sdio_sd.c 0x00000000   Number         0  stm32_eval_sdio_sd.o ABSOLUTE
    Utilities\STM32_EVAL\STM3210E_EVAL\stm3210e_eval.c 0x00000000   Number         0  stm3210e_eval.o ABSOLUTE
    Utilities\\STM32_EVAL\\Common\\stm32_eval_sdio_sd.c 0x00000000   Number         0  stm32_eval_sdio_sd.o ABSOLUTE
    Utilities\\STM32_EVAL\\STM3210E_EVAL\\stm3210e_eval.c 0x00000000   Number         0  stm3210e_eval.o ABSOLUTE
    dc.s                                     0x00000000   Number         0  dc.o ABSOLUTE
    RESET                                    0x08000000   Section      304  startup_stm32f10x_hd.o(RESET)
    !!!main                                  0x08000130   Section        8  __main.o(!!!main)
    !!!scatter                               0x08000138   Section       52  __scatter.o(!!!scatter)
    !!handler_copy                           0x0800016c   Section       26  __scatter_copy.o(!!handler_copy)
    !!handler_zi                             0x08000188   Section       28  __scatter_zi.o(!!handler_zi)
    .ARM.Collect$$libinit$$00000000          0x080001a4   Section        2  libinit.o(.ARM.Collect$$libinit$$00000000)
    .ARM.Collect$$libinit$$00000002          0x080001a6   Section        0  libinit2.o(.ARM.Collect$$libinit$$00000002)
    .ARM.Collect$$libinit$$00000004          0x080001a6   Section        0  libinit2.o(.ARM.Collect$$libinit$$00000004)
    .ARM.Collect$$libinit$$0000000A          0x080001a6   Section        0  libinit2.o(.ARM.Collect$$libinit$$0000000A)
    .ARM.Collect$$libinit$$0000000C          0x080001a6   Section        0  libinit2.o(.ARM.Collect$$libinit$$0000000C)
    .ARM.Collect$$libinit$$0000000E          0x080001a6   Section        0  libinit2.o(.ARM.Collect$$libinit$$0000000E)
    .ARM.Collect$$libinit$$00000011          0x080001a6   Section        0  libinit2.o(.ARM.Collect$$libinit$$00000011)
    .ARM.Collect$$libinit$$00000013          0x080001a6   Section        0  libinit2.o(.ARM.Collect$$libinit$$00000013)
    .ARM.Collect$$libinit$$00000015          0x080001a6   Section        0  libinit2.o(.ARM.Collect$$libinit$$00000015)
    .ARM.Collect$$libinit$$00000017          0x080001a6   Section        0  libinit2.o(.ARM.Collect$$libinit$$00000017)
    .ARM.Collect$$libinit$$00000019          0x080001a6   Section        0  libinit2.o(.ARM.Collect$$libinit$$00000019)
    .ARM.Collect$$libinit$$0000001B          0x080001a6   Section        0  libinit2.o(.ARM.Collect$$libinit$$0000001B)
    .ARM.Collect$$libinit$$0000001D          0x080001a6   Section        0  libinit2.o(.ARM.Collect$$libinit$$0000001D)
    .ARM.Collect$$libinit$$0000001F          0x080001a6   Section        0  libinit2.o(.ARM.Collect$$libinit$$0000001F)
    .ARM.Collect$$libinit$$00000021          0x080001a6   Section        0  libinit2.o(.ARM.Collect$$libinit$$00000021)
    .ARM.Collect$$libinit$$00000023          0x080001a6   Section        0  libinit2.o(.ARM.Collect$$libinit$$00000023)
    .ARM.Collect$$libinit$$00000025          0x080001a6   Section        0  libinit2.o(.ARM.Collect$$libinit$$00000025)
    .ARM.Collect$$libinit$$0000002C          0x080001a6   Section        0  libinit2.o(.ARM.Collect$$libinit$$0000002C)
    .ARM.Collect$$libinit$$0000002E          0x080001a6   Section        0  libinit2.o(.ARM.Collect$$libinit$$0000002E)
    .ARM.Collect$$libinit$$00000030          0x080001a6   Section        0  libinit2.o(.ARM.Collect$$libinit$$00000030)
    .ARM.Collect$$libinit$$00000032          0x080001a6   Section        0  libinit2.o(.ARM.Collect$$libinit$$00000032)
    .ARM.Collect$$libinit$$00000033          0x080001a6   Section        2  libinit2.o(.ARM.Collect$$libinit$$00000033)
    .ARM.Collect$$libshutdown$$00000000      0x080001a8   Section        2  libshutdown.o(.ARM.Collect$$libshutdown$$00000000)
    .ARM.Collect$$libshutdown$$00000002      0x080001aa   Section        0  libshutdown2.o(.ARM.Collect$$libshutdown$$00000002)
    .ARM.Collect$$libshutdown$$00000004      0x080001aa   Section        0  libshutdown2.o(.ARM.Collect$$libshutdown$$00000004)
    .ARM.Collect$$libshutdown$$00000007      0x080001aa   Section        0  libshutdown2.o(.ARM.Collect$$libshutdown$$00000007)
    .ARM.Collect$$libshutdown$$0000000A      0x080001aa   Section        0  libshutdown2.o(.ARM.Collect$$libshutdown$$0000000A)
    .ARM.Collect$$libshutdown$$0000000C      0x080001aa   Section        0  libshutdown2.o(.ARM.Collect$$libshutdown$$0000000C)
    .ARM.Collect$$libshutdown$$0000000F      0x080001aa   Section        0  libshutdown2.o(.ARM.Collect$$libshutdown$$0000000F)
    .ARM.Collect$$libshutdown$$00000010      0x080001aa   Section        2  libshutdown2.o(.ARM.Collect$$libshutdown$$00000010)
    .ARM.Collect$$rtentry$$00000000          0x080001ac   Section        0  __rtentry.o(.ARM.Collect$$rtentry$$00000000)
    .ARM.Collect$$rtentry$$00000002          0x080001ac   Section        0  __rtentry2.o(.ARM.Collect$$rtentry$$00000002)
    .ARM.Collect$$rtentry$$00000004          0x080001ac   Section        6  __rtentry4.o(.ARM.Collect$$rtentry$$00000004)
    .ARM.Collect$$rtentry$$00000009          0x080001b2   Section        0  __rtentry2.o(.ARM.Collect$$rtentry$$00000009)
    .ARM.Collect$$rtentry$$0000000A          0x080001b2   Section        4  __rtentry2.o(.ARM.Collect$$rtentry$$0000000A)
    .ARM.Collect$$rtentry$$0000000B          0x080001b6   Section        8  __rtentry2.o(.ARM.Collect$$rtentry$$0000000B)
    .ARM.Collect$$rtentry$$0000000D          0x080001be   Section        8  __rtentry2.o(.ARM.Collect$$rtentry$$0000000D)
    .ARM.Collect$$rtexit$$00000000           0x080001c6   Section        2  rtexit.o(.ARM.Collect$$rtexit$$00000000)
    .ARM.Collect$$rtexit$$00000002           0x080001c8   Section        0  rtexit2.o(.ARM.Collect$$rtexit$$00000002)
    .ARM.Collect$$rtexit$$00000003           0x080001c8   Section        4  rtexit2.o(.ARM.Collect$$rtexit$$00000003)
    .ARM.Collect$$rtexit$$00000004           0x080001cc   Section        6  rtexit2.o(.ARM.Collect$$rtexit$$00000004)
    .emb_text                                0x080001d4   Section       28  rtx_conf_cm.o(.emb_text)
    .emb_text                                0x080001f0   Section      304  hal_cm3.o(.emb_text)
    .text                                    0x08000320   Section       64  startup_stm32f10x_hd.o(.text)
    .text                                    0x08000360   Section        8  libspace.o(.text)
    .text                                    0x08000368   Section        0  exit.o(.text)
    .text                                    0x0800037a   Section        0  heapauxi.o(.text)
    .text                                    0x08000380   Section        0  sys_exit.o(.text)
    .text                                    0x0800038c   Section       74  sys_stackheap_outer.o(.text)
    .text                                    0x080003d6   Section        2  use_no_semi.o(.text)
    .text                                    0x080003d8   Section        0  indicate_semi.o(.text)
    SVC_TABLE                                0x080003d8   Section        4  svc_table.o(SVC_TABLE)
    i.DMA1_Channel1_Event                    0x080003dc   Section        0  dma_stm32f10x.o(i.DMA1_Channel1_Event)
    i.DMA1_Channel1_IRQHandler               0x080003e0   Section        0  dma_stm32f10x.o(i.DMA1_Channel1_IRQHandler)
    i.DMA1_Channel2_Event                    0x080003f8   Section        0  dma_stm32f10x.o(i.DMA1_Channel2_Event)
    i.DMA1_Channel2_IRQHandler               0x080003fc   Section        0  dma_stm32f10x.o(i.DMA1_Channel2_IRQHandler)
    i.DMA1_Channel3_Event                    0x08000414   Section        0  dma_stm32f10x.o(i.DMA1_Channel3_Event)
    i.DMA1_Channel3_IRQHandler               0x08000418   Section        0  dma_stm32f10x.o(i.DMA1_Channel3_IRQHandler)
    i.DMA1_Channel4_Event                    0x08000430   Section        0  dma_stm32f10x.o(i.DMA1_Channel4_Event)
    i.DMA1_Channel4_IRQHandler               0x08000434   Section        0  dma_stm32f10x.o(i.DMA1_Channel4_IRQHandler)
    i.DMA1_Channel5_Event                    0x0800044c   Section        0  dma_stm32f10x.o(i.DMA1_Channel5_Event)
    i.DMA1_Channel5_IRQHandler               0x08000450   Section        0  dma_stm32f10x.o(i.DMA1_Channel5_IRQHandler)
    i.DMA1_Channel6_Event                    0x08000468   Section        0  dma_stm32f10x.o(i.DMA1_Channel6_Event)
    i.DMA1_Channel6_IRQHandler               0x0800046c   Section        0  dma_stm32f10x.o(i.DMA1_Channel6_IRQHandler)
    i.DMA1_Channel7_Event                    0x08000484   Section        0  dma_stm32f10x.o(i.DMA1_Channel7_Event)
    i.DMA1_Channel7_IRQHandler               0x08000488   Section        0  dma_stm32f10x.o(i.DMA1_Channel7_IRQHandler)
    i.DMA2_Channel1_Event                    0x080004a0   Section        0  dma_stm32f10x.o(i.DMA2_Channel1_Event)
    i.DMA2_Channel1_IRQHandler               0x080004a4   Section        0  dma_stm32f10x.o(i.DMA2_Channel1_IRQHandler)
    i.DMA2_Channel2_Event                    0x080004c0   Section        0  dma_stm32f10x.o(i.DMA2_Channel2_Event)
    i.DMA2_Channel2_IRQHandler               0x080004c4   Section        0  dma_stm32f10x.o(i.DMA2_Channel2_IRQHandler)
    i.DMA2_Channel3_Event                    0x080004e0   Section        0  dma_stm32f10x.o(i.DMA2_Channel3_Event)
    i.DMA2_Channel3_IRQHandler               0x080004e4   Section        0  dma_stm32f10x.o(i.DMA2_Channel3_IRQHandler)
    i.DMA2_Channel4_5_IRQHandler             0x08000500   Section        0  dma_stm32f10x.o(i.DMA2_Channel4_5_IRQHandler)
    i.DMA2_Channel4_Event                    0x08000530   Section        0  mci_stm32f10x.o(i.DMA2_Channel4_Event)
    i.DMA2_Channel5_Event                    0x08000570   Section        0  dma_stm32f10x.o(i.DMA2_Channel5_Event)
    i.SDIO_IRQHandler                        0x08000574   Section        0  mci_stm32f10x.o(i.SDIO_IRQHandler)
    i.SetSysClockTo72                        0x0800071c   Section        0  system_stm32f10x.o(i.SetSysClockTo72)
    SetSysClockTo72                          0x0800071d   Thumb Code   160  system_stm32f10x.o(i.SetSysClockTo72)
    i.SystemInit                             0x080007c4   Section        0  system_stm32f10x.o(i.SystemInit)
    i._init_box                              0x08000814   Section        0  rt_membox.o(i._init_box)
    i._mutex_acquire                         0x0800085c   Section        0  rtx_conf_cm.o(i._mutex_acquire)
    __tagsym$$used                           0x0800085d   Number         0  rtx_conf_cm.o(i._mutex_acquire)
    i._mutex_release                         0x0800087c   Section        0  rtx_conf_cm.o(i._mutex_release)
    __tagsym$$used                           0x0800087d   Number         0  rtx_conf_cm.o(i._mutex_release)
    i.dbg_init                               0x08000898   Section        0  hal_cm.o(i.dbg_init)
    i.dbg_task_notify                        0x080008c8   Section        0  hal_cm.o(i.dbg_task_notify)
    i.dbg_task_switch                        0x080008e8   Section        0  hal_cm.o(i.dbg_task_switch)
    i.isrMessageGet                          0x080008f8   Section        0  rt_cmsis.o(i.isrMessageGet)
    i.isrMessagePut                          0x08000922   Section        0  rt_cmsis.o(i.isrMessagePut)
    i.isr_mbx_receive                        0x08000950   Section        0  rt_mailbox.o(i.isr_mbx_receive)
    i.isr_mbx_send                           0x080009a2   Section        0  rt_mailbox.o(i.isr_mbx_send)
    i.main                                   0x080009b0   Section        0  main.o(i.main)
    i.osKernelInitialize                     0x080009b4   Section        0  rt_cmsis.o(i.osKernelInitialize)
    i.osKernelStart                          0x080009d8   Section        0  rt_cmsis.o(i.osKernelStart)
    i.osMessageGet                           0x08000a44   Section        0  rt_cmsis.o(i.osMessageGet)
    i.osThreadCreate                         0x08000a5c   Section        0  rt_cmsis.o(i.osThreadCreate)
    i.osThreadExit                           0x08000a8c   Section        0  rt_cmsis.o(i.osThreadExit)
    i.osTimerCall                            0x08000aa4   Section        0  rt_cmsis.o(i.osTimerCall)
    i.osTimerThread                          0x08000ab0   Section        0  rt_cmsis.o(i.osTimerThread)
    i.os_error                               0x08000adc   Section        0  rtx_conf_cm.o(i.os_error)
    i.os_idle_demon                          0x08000ade   Section        0  rtx_conf_cm.o(i.os_idle_demon)
    i.os_tick_init                           0x08000ae0   Section        0  rt_system.o(i.os_tick_init)
    i.os_tick_irqack                         0x08000b08   Section        0  rt_system.o(i.os_tick_irqack)
    i.rt_alloc_box                           0x08000b0a   Section        0  rt_membox.o(i.rt_alloc_box)
    i.rt_alloc_mem                           0x08000b24   Section        0  rt_memory.o(i.rt_alloc_mem)
    i.rt_block                               0x08000b64   Section        0  rt_task.o(i.rt_block)
    i.rt_chk_robin                           0x08000b9c   Section        0  rt_robin.o(i.rt_chk_robin)
    i.rt_dec_dly                             0x08000be4   Section        0  rt_list.o(i.rt_dec_dly)
    i.rt_dispatch                            0x08000c54   Section        0  rt_task.o(i.rt_dispatch)
    i.rt_evt_psh                             0x08000c98   Section        0  rt_event.o(i.rt_evt_psh)
    i.rt_free_box                            0x08000ce8   Section        0  rt_membox.o(i.rt_free_box)
    i.rt_free_mem                            0x08000d14   Section        0  rt_memory.o(i.rt_free_mem)
    i.rt_get_first                           0x08000d3c   Section        0  rt_list.o(i.rt_get_first)
    i.rt_id2obj                              0x08000d64   Section        0  rt_cmsis.o(i.rt_id2obj)
    rt_id2obj                                0x08000d65   Thumb Code     8  rt_cmsis.o(i.rt_id2obj)
    i.rt_init_context                        0x08000d6c   Section        0  rt_task.o(i.rt_init_context)
    rt_init_context                          0x08000d6d   Thumb Code    66  rt_task.o(i.rt_init_context)
    i.rt_init_mem                            0x08000db4   Section        0  rt_memory.o(i.rt_init_mem)
    i.rt_init_robin                          0x08000dd0   Section        0  rt_robin.o(i.rt_init_robin)
    i.rt_init_stack                          0x08000de8   Section        0  hal_cm.o(i.rt_init_stack)
    i.rt_mbx_check                           0x08000e68   Section        0  rt_mailbox.o(i.rt_mbx_check)
    i.rt_mbx_init                            0x08000e70   Section        0  rt_mailbox.o(i.rt_mbx_init)
    i.rt_mbx_psh                             0x08000e8c   Section        0  rt_mailbox.o(i.rt_mbx_psh)
    i.rt_mbx_wait                            0x08000f7c   Section        0  rt_mailbox.o(i.rt_mbx_wait)
    i.rt_ms2tick                             0x08001030   Section        0  rt_cmsis.o(i.rt_ms2tick)
    rt_ms2tick                               0x08001031   Thumb Code    58  rt_cmsis.o(i.rt_ms2tick)
    i.rt_mut_release                         0x08001074   Section        0  rt_mutex.o(i.rt_mut_release)
    i.rt_mut_wait                            0x0800114c   Section        0  rt_mutex.o(i.rt_mut_wait)
    i.rt_pop_req                             0x080011b4   Section        0  rt_system.o(i.rt_pop_req)
    i.rt_psh_req                             0x08001230   Section        0  rt_system.o(i.rt_psh_req)
    i.rt_psq_enq                             0x08001250   Section        0  rt_list.o(i.rt_psq_enq)
    i.rt_put_dly                             0x080012ac   Section        0  rt_list.o(i.rt_put_dly)
    i.rt_put_prio                            0x080012f4   Section        0  rt_list.o(i.rt_put_prio)
    i.rt_put_rdy_first                       0x0800132c   Section        0  rt_list.o(i.rt_put_rdy_first)
    i.rt_resort_prio                         0x08001340   Section        0  rt_list.o(i.rt_resort_prio)
    i.rt_ret_val                             0x08001374   Section        0  hal_cm.o(i.rt_ret_val)
    i.rt_ret_val2                            0x0800137a   Section        0  hal_cm.o(i.rt_ret_val2)
    i.rt_rmv_dly                             0x08001382   Section        0  rt_list.o(i.rt_rmv_dly)
    i.rt_rmv_list                            0x080013ac   Section        0  rt_list.o(i.rt_rmv_list)
    i.rt_sem_psh                             0x080013dc   Section        0  rt_semaphore.o(i.rt_sem_psh)
    i.rt_stk_check                           0x08001410   Section        0  rt_system.o(i.rt_stk_check)
    i.rt_switch_req                          0x08001434   Section        0  rt_task.o(i.rt_switch_req)
    i.rt_sys_init                            0x0800145c   Section        0  rt_task.o(i.rt_sys_init)
    i.rt_sys_start                           0x08001528   Section        0  rt_task.o(i.rt_sys_start)
    i.rt_systick                             0x080015a0   Section        0  rt_system.o(i.rt_systick)
    i.rt_tid2ptcb                            0x080015e0   Section        0  rt_cmsis.o(i.rt_tid2ptcb)
    rt_tid2ptcb                              0x080015e1   Thumb Code    18  rt_cmsis.o(i.rt_tid2ptcb)
    i.rt_timer_insert                        0x080015f4   Section        0  rt_cmsis.o(i.rt_timer_insert)
    rt_timer_insert                          0x080015f5   Thumb Code    48  rt_cmsis.o(i.rt_timer_insert)
    i.rt_tsk_create                          0x08001628   Section        0  rt_task.o(i.rt_tsk_create)
    i.rt_tsk_delete                          0x080016b0   Section        0  rt_task.o(i.rt_tsk_delete)
    i.rt_tsk_prio                            0x0800182c   Section        0  rt_task.o(i.rt_tsk_prio)
    i.rt_tsk_self                            0x080018a8   Section        0  rt_task.o(i.rt_tsk_self)
    i.svcKernelInitialize                    0x080018b8   Section        0  rt_cmsis.o(i.svcKernelInitialize)
    i.svcKernelStart                         0x08001928   Section        0  rt_cmsis.o(i.svcKernelStart)
    i.svcMessageCreate                       0x08001970   Section        0  rt_cmsis.o(i.svcMessageCreate)
    i.svcMessageGet                          0x08001994   Section        0  rt_cmsis.o(i.svcMessageGet)
    i.svcThreadCreate                        0x080019d0   Section        0  rt_cmsis.o(i.svcThreadCreate)
    i.svcThreadGetId                         0x08001a40   Section        0  rt_cmsis.o(i.svcThreadGetId)
    i.svcThreadTerminate                     0x08001a5c   Section        0  rt_cmsis.o(i.svcThreadTerminate)
    i.svcTimerCall                           0x08001a94   Section        0  rt_cmsis.o(i.svcTimerCall)
    i.sysTimerTick                           0x08001aac   Section        0  rt_cmsis.o(i.sysTimerTick)
    .constdata                               0x08001b08   Section        2  rtx_conf_cm.o(.constdata)
    .constdata                               0x08001b0c   Section        4  rtx_conf_cm.o(.constdata)
    .constdata                               0x08001b10   Section        4  rtx_conf_cm.o(.constdata)
    .constdata                               0x08001b14   Section        4  rtx_conf_cm.o(.constdata)
    .constdata                               0x08001b18   Section        1  rtx_conf_cm.o(.constdata)
    .constdata                               0x08001b1c   Section       16  rtx_conf_cm.o(.constdata)
    __tagsym$$used                           0x08001b1c   Number         0  rtx_conf_cm.o(.constdata)
    __tagsym$$used                           0x08001b20   Number         0  rtx_conf_cm.o(.constdata)
    __tagsym$$used                           0x08001b24   Number         0  rtx_conf_cm.o(.constdata)
    __tagsym$$used                           0x08001b28   Number         0  rtx_conf_cm.o(.constdata)
    .constdata                               0x08001b2c   Section        2  rtx_conf_cm.o(.constdata)
    .constdata                               0x08001b30   Section        4  rtx_conf_cm.o(.constdata)
    .constdata                               0x08001b34   Section        4  rtx_conf_cm.o(.constdata)
    .constdata                               0x08001b38   Section        1  rtx_conf_cm.o(.constdata)
    .constdata                               0x08001b3c   Section       16  rtx_conf_cm.o(.constdata)
    .constdata                               0x08001b4c   Section        8  rtx_conf_cm.o(.constdata)
    .constdata                               0x08001b54   Section        2  rtx_conf_cm.o(.constdata)
    .data                                    0x20000000   Section        4  rtx_conf_cm.o(.data)
    .data                                    0x20000004   Section       16  rtx_conf_cm.o(.data)
    .data                                    0x20000014   Section        4  rtx_conf_cm.o(.data)
    .data                                    0x20000018   Section        4  rtx_conf_cm.o(.data)
    .data                                    0x2000001c   Section        8  rt_cmsis.o(.data)
    .data                                    0x20000024   Section        8  rt_task.o(.data)
    .data                                    0x2000002c   Section        8  rt_system.o(.data)
    os_lock                                  0x2000002c   Data           1  rt_system.o(.data)
    os_psh_flag                              0x2000002d   Data           1  rt_system.o(.data)
    pend_flags                               0x2000002e   Data           1  rt_system.o(.data)
    .data                                    0x20000034   Section        4  rt_time.o(.data)
    .data                                    0x20000038   Section        8  rt_robin.o(.data)
    .data                                    0x20000040   Section        1  hal_cm.o(.data)
    .bss                                     0x20000044   Section       32  rtx_conf_cm.o(.bss)
    .bss                                     0x20000064   Section      376  rtx_conf_cm.o(.bss)
    .bss                                     0x200001e0   Section     1216  rtx_conf_cm.o(.bss)
    .bss                                     0x200006a0   Section      432  rtx_conf_cm.o(.bss)
    .bss                                     0x20000850   Section      132  rtx_conf_cm.o(.bss)
    .bss                                     0x200008d4   Section       28  rtx_conf_cm.o(.bss)
    .bss                                     0x200008f0   Section       32  mci_stm32f10x.o(.bss)
    MCI                                      0x200008f0   Data          32  mci_stm32f10x.o(.bss)
    .bss                                     0x20000910   Section       52  rt_task.o(.bss)
    .bss                                     0x20000944   Section       48  rt_list.o(.bss)
    .bss                                     0x20000974   Section       96  libspace.o(.bss)
    HEAP                                     0x200009d8   Section      512  startup_stm32f10x_hd.o(HEAP)
    Heap_Mem                                 0x200009d8   Data         512  startup_stm32f10x_hd.o(HEAP)
    STACK                                    0x20000bd8   Section     1024  startup_stm32f10x_hd.o(STACK)
    Stack_Mem                                0x20000bd8   Data        1024  startup_stm32f10x_hd.o(STACK)
    __initial_sp                             0x20000fd8   Data           0  startup_stm32f10x_hd.o(STACK)

    Global Symbols

    Symbol Name                              Value     Ov Type        Size  Object(Section)

    BuildAttributes$$THM_ISAv4$P$D$K$B$S$PE$A:L22UL41UL21$X:L11$S22US41US21$IEEE1$IW$USESV6$~STKCKD$USESV7$~SHL$OTIME$ROPI$EBA8$UX$STANDARDLIB$REQ8$PRES8$EABIv2 0x00000000   Number         0  anon$$obj.o ABSOLUTE
    __ARM_use_no_argv                        0x00000000   Number         0  main.o ABSOLUTE
    __ARM_exceptions_init                     - Undefined Weak Reference
    __alloca_initialize                       - Undefined Weak Reference
    __arm_preinit_                            - Undefined Weak Reference
    __cpp_initialize__aeabi_                  - Undefined Weak Reference
    __cxa_finalize                            - Undefined Weak Reference
    __rt_locale                               - Undefined Weak Reference
    __sigvec_lookup                           - Undefined Weak Reference
    __user_heap_extent                        - Undefined Weak Reference
    _atexit_init                              - Undefined Weak Reference
    _call_atexit_fns                          - Undefined Weak Reference
    _clock_init                               - Undefined Weak Reference
    _fp_trap_init                             - Undefined Weak Reference
    _fp_trap_shutdown                         - Undefined Weak Reference
    _get_lc_collate                           - Undefined Weak Reference
    _get_lc_ctype                             - Undefined Weak Reference
    _get_lc_monetary                          - Undefined Weak Reference
    _get_lc_numeric                           - Undefined Weak Reference
    _get_lc_time                              - Undefined Weak Reference
    _getenv_init                              - Undefined Weak Reference
    _handle_redirection                       - Undefined Weak Reference
    _mutex_free                               - Undefined Weak Reference
    _rand_init                                - Undefined Weak Reference
    _signal_finish                            - Undefined Weak Reference
    _signal_init                              - Undefined Weak Reference
    __Vectors_Size                           0x00000130   Number         0  startup_stm32f10x_hd.o ABSOLUTE
    __RL_RTX_VER                             0x00000480   Number         0  rt_system.o ABSOLUTE
    __Vectors                                0x08000000   Data           4  startup_stm32f10x_hd.o(RESET)
    __Vectors_End                            0x08000130   Data           0  startup_stm32f10x_hd.o(RESET)
    __main                                   0x08000131   Thumb Code     8  __main.o(!!!main)
    __scatterload                            0x08000139   Thumb Code     0  __scatter.o(!!!scatter)
    __scatterload_rt2                        0x08000139   Thumb Code    44  __scatter.o(!!!scatter)
    __scatterload_rt2_thumb_only             0x08000139   Thumb Code     0  __scatter.o(!!!scatter)
    __scatterload_null                       0x08000147   Thumb Code     0  __scatter.o(!!!scatter)
    __scatterload_copy                       0x0800016d   Thumb Code    26  __scatter_copy.o(!!handler_copy)
    __scatterload_zeroinit                   0x08000189   Thumb Code    28  __scatter_zi.o(!!handler_zi)
    __rt_lib_init                            0x080001a5   Thumb Code     0  libinit.o(.ARM.Collect$$libinit$$00000000)
    __rt_lib_init_alloca_1                   0x080001a7   Thumb Code     0  libinit2.o(.ARM.Collect$$libinit$$0000002E)
    __rt_lib_init_argv_1                     0x080001a7   Thumb Code     0  libinit2.o(.ARM.Collect$$libinit$$0000002C)
    __rt_lib_init_atexit_1                   0x080001a7   Thumb Code     0  libinit2.o(.ARM.Collect$$libinit$$0000001B)
    __rt_lib_init_clock_1                    0x080001a7   Thumb Code     0  libinit2.o(.ARM.Collect$$libinit$$00000021)
    __rt_lib_init_cpp_1                      0x080001a7   Thumb Code     0  libinit2.o(.ARM.Collect$$libinit$$00000032)
    __rt_lib_init_exceptions_1               0x080001a7   Thumb Code     0  libinit2.o(.ARM.Collect$$libinit$$00000030)
    __rt_lib_init_fp_1                       0x080001a7   Thumb Code     0  libinit2.o(.ARM.Collect$$libinit$$00000002)
    __rt_lib_init_fp_trap_1                  0x080001a7   Thumb Code     0  libinit2.o(.ARM.Collect$$libinit$$0000001F)
    __rt_lib_init_getenv_1                   0x080001a7   Thumb Code     0  libinit2.o(.ARM.Collect$$libinit$$00000023)
    __rt_lib_init_heap_1                     0x080001a7   Thumb Code     0  libinit2.o(.ARM.Collect$$libinit$$0000000A)
    __rt_lib_init_lc_collate_1               0x080001a7   Thumb Code     0  libinit2.o(.ARM.Collect$$libinit$$00000011)
    __rt_lib_init_lc_ctype_1                 0x080001a7   Thumb Code     0  libinit2.o(.ARM.Collect$$libinit$$00000013)
    __rt_lib_init_lc_monetary_1              0x080001a7   Thumb Code     0  libinit2.o(.ARM.Collect$$libinit$$00000015)
    __rt_lib_init_lc_numeric_1               0x080001a7   Thumb Code     0  libinit2.o(.ARM.Collect$$libinit$$00000017)
    __rt_lib_init_lc_time_1                  0x080001a7   Thumb Code     0  libinit2.o(.ARM.Collect$$libinit$$00000019)
    __rt_lib_init_preinit_1                  0x080001a7   Thumb Code     0  libinit2.o(.ARM.Collect$$libinit$$00000004)
    __rt_lib_init_rand_1                     0x080001a7   Thumb Code     0  libinit2.o(.ARM.Collect$$libinit$$0000000E)
    __rt_lib_init_return                     0x080001a7   Thumb Code     0  libinit2.o(.ARM.Collect$$libinit$$00000033)
    __rt_lib_init_signal_1                   0x080001a7   Thumb Code     0  libinit2.o(.ARM.Collect$$libinit$$0000001D)
    __rt_lib_init_stdio_1                    0x080001a7   Thumb Code     0  libinit2.o(.ARM.Collect$$libinit$$00000025)
    __rt_lib_init_user_alloc_1               0x080001a7   Thumb Code     0  libinit2.o(.ARM.Collect$$libinit$$0000000C)
    __rt_lib_shutdown                        0x080001a9   Thumb Code     0  libshutdown.o(.ARM.Collect$$libshutdown$$00000000)
    __rt_lib_shutdown_cpp_1                  0x080001ab   Thumb Code     0  libshutdown2.o(.ARM.Collect$$libshutdown$$00000002)
    __rt_lib_shutdown_fp_trap_1              0x080001ab   Thumb Code     0  libshutdown2.o(.ARM.Collect$$libshutdown$$00000007)
    __rt_lib_shutdown_heap_1                 0x080001ab   Thumb Code     0  libshutdown2.o(.ARM.Collect$$libshutdown$$0000000F)
    __rt_lib_shutdown_return                 0x080001ab   Thumb Code     0  libshutdown2.o(.ARM.Collect$$libshutdown$$00000010)
    __rt_lib_shutdown_signal_1               0x080001ab   Thumb Code     0  libshutdown2.o(.ARM.Collect$$libshutdown$$0000000A)
    __rt_lib_shutdown_stdio_1                0x080001ab   Thumb Code     0  libshutdown2.o(.ARM.Collect$$libshutdown$$00000004)
    __rt_lib_shutdown_user_alloc_1           0x080001ab   Thumb Code     0  libshutdown2.o(.ARM.Collect$$libshutdown$$0000000C)
    __rt_entry                               0x080001ad   Thumb Code     0  __rtentry.o(.ARM.Collect$$rtentry$$00000000)
    __rt_entry_presh_1                       0x080001ad   Thumb Code     0  __rtentry2.o(.ARM.Collect$$rtentry$$00000002)
    __rt_entry_sh                            0x080001ad   Thumb Code     0  __rtentry4.o(.ARM.Collect$$rtentry$$00000004)
    __rt_entry_li                            0x080001b3   Thumb Code     0  __rtentry2.o(.ARM.Collect$$rtentry$$0000000A)
    __rt_entry_postsh_1                      0x080001b3   Thumb Code     0  __rtentry2.o(.ARM.Collect$$rtentry$$00000009)
    __rt_entry_postli_1                      0x080001b7   Thumb Code     0  __rtentry2.o(.ARM.Collect$$rtentry$$0000000B)
    __rt_entry_main                          0x080001bf   Thumb Code     0  __rtentry2.o(.ARM.Collect$$rtentry$$0000000D)
    __rt_exit                                0x080001c7   Thumb Code     0  rtexit.o(.ARM.Collect$$rtexit$$00000000)
    __rt_exit_ls                             0x080001c9   Thumb Code     0  rtexit2.o(.ARM.Collect$$rtexit$$00000003)
    __rt_exit_prels_1                        0x080001c9   Thumb Code     0  rtexit2.o(.ARM.Collect$$rtexit$$00000002)
    __rt_exit_exit                           0x080001cd   Thumb Code     0  rtexit2.o(.ARM.Collect$$rtexit$$00000004)
    _platform_post_lib_init                  0x080001d5   Thumb Code    24  rtx_conf_cm.o(.emb_text)
    rt_set_PSP                               0x080001f1   Thumb Code     6  hal_cm3.o(.emb_text)
    rt_get_PSP                               0x080001f7   Thumb Code     6  hal_cm3.o(.emb_text)
    os_set_env                               0x080001fd   Thumb Code    24  hal_cm3.o(.emb_text)
    _alloc_box                               0x08000219   Thumb Code    28  hal_cm3.o(.emb_text)
    _free_box                                0x08000239   Thumb Code    28  hal_cm3.o(.emb_text)
    SVC_Handler                              0x08000259   Thumb Code   108  hal_cm3.o(.emb_text)
    PendSV_Handler                           0x080002d1   Thumb Code    56  hal_cm3.o(.emb_text)
    SysTick_Handler                          0x0800030d   Thumb Code     8  hal_cm3.o(.emb_text)
    OS_Tick_Handler                          0x08000315   Thumb Code    12  hal_cm3.o(.emb_text)
    Reset_Handler                            0x08000321   Thumb Code     8  startup_stm32f10x_hd.o(.text)
    NMI_Handler                              0x08000329   Thumb Code     2  startup_stm32f10x_hd.o(.text)
    HardFault_Handler                        0x0800032b   Thumb Code     2  startup_stm32f10x_hd.o(.text)
    MemManage_Handler                        0x0800032d   Thumb Code     2  startup_stm32f10x_hd.o(.text)
    BusFault_Handler                         0x0800032f   Thumb Code     2  startup_stm32f10x_hd.o(.text)
    UsageFault_Handler                       0x08000331   Thumb Code     2  startup_stm32f10x_hd.o(.text)
    DebugMon_Handler                         0x08000335   Thumb Code     2  startup_stm32f10x_hd.o(.text)
    ADC1_2_IRQHandler                        0x0800033b   Thumb Code     0  startup_stm32f10x_hd.o(.text)
    ADC3_IRQHandler                          0x0800033b   Thumb Code     0  startup_stm32f10x_hd.o(.text)
    CAN1_RX1_IRQHandler                      0x0800033b   Thumb Code     0  startup_stm32f10x_hd.o(.text)
    CAN1_SCE_IRQHandler                      0x0800033b   Thumb Code     0  startup_stm32f10x_hd.o(.text)
    EXTI0_IRQHandler                         0x0800033b   Thumb Code     0  startup_stm32f10x_hd.o(.text)
    EXTI15_10_IRQHandler                     0x0800033b   Thumb Code     0  startup_stm32f10x_hd.o(.text)
    EXTI1_IRQHandler                         0x0800033b   Thumb Code     0  startup_stm32f10x_hd.o(.text)
    EXTI2_IRQHandler                         0x0800033b   Thumb Code     0  startup_stm32f10x_hd.o(.text)
    EXTI3_IRQHandler                         0x0800033b   Thumb Code     0  startup_stm32f10x_hd.o(.text)
    EXTI4_IRQHandler                         0x0800033b   Thumb Code     0  startup_stm32f10x_hd.o(.text)
    EXTI9_5_IRQHandler                       0x0800033b   Thumb Code     0  startup_stm32f10x_hd.o(.text)
    FLASH_IRQHandler                         0x0800033b   Thumb Code     0  startup_stm32f10x_hd.o(.text)
    FSMC_IRQHandler                          0x0800033b   Thumb Code     0  startup_stm32f10x_hd.o(.text)
    I2C1_ER_IRQHandler                       0x0800033b   Thumb Code     0  startup_stm32f10x_hd.o(.text)
    I2C1_EV_IRQHandler                       0x0800033b   Thumb Code     0  startup_stm32f10x_hd.o(.text)
    I2C2_ER_IRQHandler                       0x0800033b   Thumb Code     0  startup_stm32f10x_hd.o(.text)
    I2C2_EV_IRQHandler                       0x0800033b   Thumb Code     0  startup_stm32f10x_hd.o(.text)
    PVD_IRQHandler                           0x0800033b   Thumb Code     0  startup_stm32f10x_hd.o(.text)
    RCC_IRQHandler                           0x0800033b   Thumb Code     0  startup_stm32f10x_hd.o(.text)
    RTCAlarm_IRQHandler                      0x0800033b   Thumb Code     0  startup_stm32f10x_hd.o(.text)
    RTC_IRQHandler                           0x0800033b   Thumb Code     0  startup_stm32f10x_hd.o(.text)
    SPI1_IRQHandler                          0x0800033b   Thumb Code     0  startup_stm32f10x_hd.o(.text)
    SPI2_IRQHandler                          0x0800033b   Thumb Code     0  startup_stm32f10x_hd.o(.text)
    SPI3_IRQHandler                          0x0800033b   Thumb Code     0  startup_stm32f10x_hd.o(.text)
    TAMPER_IRQHandler                        0x0800033b   Thumb Code     0  startup_stm32f10x_hd.o(.text)
    TIM1_BRK_IRQHandler                      0x0800033b   Thumb Code     0  startup_stm32f10x_hd.o(.text)
    TIM1_CC_IRQHandler                       0x0800033b   Thumb Code     0  startup_stm32f10x_hd.o(.text)
    TIM1_TRG_COM_IRQHandler                  0x0800033b   Thumb Code     0  startup_stm32f10x_hd.o(.text)
    TIM1_UP_IRQHandler                       0x0800033b   Thumb Code     0  startup_stm32f10x_hd.o(.text)
    TIM2_IRQHandler                          0x0800033b   Thumb Code     0  startup_stm32f10x_hd.o(.text)
    TIM3_IRQHandler                          0x0800033b   Thumb Code     0  startup_stm32f10x_hd.o(.text)
    TIM4_IRQHandler                          0x0800033b   Thumb Code     0  startup_stm32f10x_hd.o(.text)
    TIM5_IRQHandler                          0x0800033b   Thumb Code     0  startup_stm32f10x_hd.o(.text)
    TIM6_IRQHandler                          0x0800033b   Thumb Code     0  startup_stm32f10x_hd.o(.text)
    TIM7_IRQHandler                          0x0800033b   Thumb Code     0  startup_stm32f10x_hd.o(.text)
    TIM8_BRK_IRQHandler                      0x0800033b   Thumb Code     0  startup_stm32f10x_hd.o(.text)
    TIM8_CC_IRQHandler                       0x0800033b   Thumb Code     0  startup_stm32f10x_hd.o(.text)
    TIM8_TRG_COM_IRQHandler                  0x0800033b   Thumb Code     0  startup_stm32f10x_hd.o(.text)
    TIM8_UP_IRQHandler                       0x0800033b   Thumb Code     0  startup_stm32f10x_hd.o(.text)
    UART4_IRQHandler                         0x0800033b   Thumb Code     0  startup_stm32f10x_hd.o(.text)
    UART5_IRQHandler                         0x0800033b   Thumb Code     0  startup_stm32f10x_hd.o(.text)
    USART1_IRQHandler                        0x0800033b   Thumb Code     0  startup_stm32f10x_hd.o(.text)
    USART2_IRQHandler                        0x0800033b   Thumb Code     0  startup_stm32f10x_hd.o(.text)
    USART3_IRQHandler                        0x0800033b   Thumb Code     0  startup_stm32f10x_hd.o(.text)
    USBWakeUp_IRQHandler                     0x0800033b   Thumb Code     0  startup_stm32f10x_hd.o(.text)
    USB_HP_CAN1_TX_IRQHandler                0x0800033b   Thumb Code     0  startup_stm32f10x_hd.o(.text)
    USB_LP_CAN1_RX0_IRQHandler               0x0800033b   Thumb Code     0  startup_stm32f10x_hd.o(.text)
    WWDG_IRQHandler                          0x0800033b   Thumb Code     0  startup_stm32f10x_hd.o(.text)
    __user_initial_stackheap                 0x0800033d   Thumb Code     0  startup_stm32f10x_hd.o(.text)
    __user_libspace                          0x08000361   Thumb Code     8  libspace.o(.text)
    __user_perproc_libspace                  0x08000361   Thumb Code     0  libspace.o(.text)
    exit                                     0x08000369   Thumb Code    18  exit.o(.text)
    __use_two_region_memory                  0x0800037b   Thumb Code     2  heapauxi.o(.text)
    __rt_heap_escrow                         0x0800037d   Thumb Code     2  heapauxi.o(.text)
    __rt_heap_expand                         0x0800037f   Thumb Code     2  heapauxi.o(.text)
    _sys_exit                                0x08000381   Thumb Code     8  sys_exit.o(.text)
    __user_setup_stackheap                   0x0800038d   Thumb Code    74  sys_stackheap_outer.o(.text)
    __I$use$semihosting                      0x080003d7   Thumb Code     0  use_no_semi.o(.text)
    __use_no_semihosting_swi                 0x080003d7   Thumb Code     2  use_no_semi.o(.text)
    SVC_Count                                0x080003d8   Data           4  svc_table.o(SVC_TABLE)
    __semihosting_library_function           0x080003d9   Thumb Code     0  indicate_semi.o(.text)
    DMA1_Channel1_Event                      0x080003dd   Thumb Code     2  dma_stm32f10x.o(i.DMA1_Channel1_Event)
    SVC_Table                                0x080003dc   Data           0  svc_table.o(SVC_TABLE)
    DMA1_Channel1_IRQHandler                 0x080003e1   Thumb Code    18  dma_stm32f10x.o(i.DMA1_Channel1_IRQHandler)
    DMA1_Channel2_Event                      0x080003f9   Thumb Code     2  dma_stm32f10x.o(i.DMA1_Channel2_Event)
    DMA1_Channel2_IRQHandler                 0x080003fd   Thumb Code    20  dma_stm32f10x.o(i.DMA1_Channel2_IRQHandler)
    DMA1_Channel3_Event                      0x08000415   Thumb Code     2  dma_stm32f10x.o(i.DMA1_Channel3_Event)
    DMA1_Channel3_IRQHandler                 0x08000419   Thumb Code    20  dma_stm32f10x.o(i.DMA1_Channel3_IRQHandler)
    DMA1_Channel4_Event                      0x08000431   Thumb Code     2  dma_stm32f10x.o(i.DMA1_Channel4_Event)
    DMA1_Channel4_IRQHandler                 0x08000435   Thumb Code    20  dma_stm32f10x.o(i.DMA1_Channel4_IRQHandler)
    DMA1_Channel5_Event                      0x0800044d   Thumb Code     2  dma_stm32f10x.o(i.DMA1_Channel5_Event)
    DMA1_Channel5_IRQHandler                 0x08000451   Thumb Code    20  dma_stm32f10x.o(i.DMA1_Channel5_IRQHandler)
    DMA1_Channel6_Event                      0x08000469   Thumb Code     2  dma_stm32f10x.o(i.DMA1_Channel6_Event)
    DMA1_Channel6_IRQHandler                 0x0800046d   Thumb Code    20  dma_stm32f10x.o(i.DMA1_Channel6_IRQHandler)
    DMA1_Channel7_Event                      0x08000485   Thumb Code     2  dma_stm32f10x.o(i.DMA1_Channel7_Event)
    DMA1_Channel7_IRQHandler                 0x08000489   Thumb Code    20  dma_stm32f10x.o(i.DMA1_Channel7_IRQHandler)
    DMA2_Channel1_Event                      0x080004a1   Thumb Code     2  dma_stm32f10x.o(i.DMA2_Channel1_Event)
    DMA2_Channel1_IRQHandler                 0x080004a5   Thumb Code    22  dma_stm32f10x.o(i.DMA2_Channel1_IRQHandler)
    DMA2_Channel2_Event                      0x080004c1   Thumb Code     2  dma_stm32f10x.o(i.DMA2_Channel2_Event)
    DMA2_Channel2_IRQHandler                 0x080004c5   Thumb Code    24  dma_stm32f10x.o(i.DMA2_Channel2_IRQHandler)
    DMA2_Channel3_Event                      0x080004e1   Thumb Code     2  dma_stm32f10x.o(i.DMA2_Channel3_Event)
    DMA2_Channel3_IRQHandler                 0x080004e5   Thumb Code    24  dma_stm32f10x.o(i.DMA2_Channel3_IRQHandler)
    DMA2_Channel4_5_IRQHandler               0x08000501   Thumb Code    42  dma_stm32f10x.o(i.DMA2_Channel4_5_IRQHandler)
    DMA2_Channel4_Event                      0x08000531   Thumb Code    56  mci_stm32f10x.o(i.DMA2_Channel4_Event)
    DMA2_Channel5_Event                      0x08000571   Thumb Code     2  dma_stm32f10x.o(i.DMA2_Channel5_Event)
    SDIO_IRQHandler                          0x08000575   Thumb Code   414  mci_stm32f10x.o(i.SDIO_IRQHandler)
    SystemInit                               0x080007c5   Thumb Code    64  system_stm32f10x.o(i.SystemInit)
    _init_box                                0x08000815   Thumb Code    70  rt_membox.o(i._init_box)
    _mutex_acquire                           0x0800085d   Thumb Code    22  rtx_conf_cm.o(i._mutex_acquire)
    _mutex_release                           0x0800087d   Thumb Code    18  rtx_conf_cm.o(i._mutex_release)
    dbg_init                                 0x08000899   Thumb Code    34  hal_cm.o(i.dbg_init)
    dbg_task_notify                          0x080008c9   Thumb Code    32  hal_cm.o(i.dbg_task_notify)
    dbg_task_switch                          0x080008e9   Thumb Code    16  hal_cm.o(i.dbg_task_switch)
    isrMessageGet                            0x080008f9   Thumb Code    42  rt_cmsis.o(i.isrMessageGet)
    isrMessagePut                            0x08000923   Thumb Code    44  rt_cmsis.o(i.isrMessagePut)
    isr_mbx_receive                          0x08000951   Thumb Code    82  rt_mailbox.o(i.isr_mbx_receive)
    isr_mbx_send                             0x080009a3   Thumb Code    14  rt_mailbox.o(i.isr_mbx_send)
    main                                     0x080009b1   Thumb Code     2  main.o(i.main)
    osKernelInitialize                       0x080009b5   Thumb Code    30  rt_cmsis.o(i.osKernelInitialize)
    osKernelStart                            0x080009d9   Thumb Code    98  rt_cmsis.o(i.osKernelStart)
    osMessageGet                             0x08000a45   Thumb Code    18  rt_cmsis.o(i.osMessageGet)
    osThreadCreate                           0x08000a5d   Thumb Code    38  rt_cmsis.o(i.osThreadCreate)
    osThreadExit                             0x08000a8d   Thumb Code    14  rt_cmsis.o(i.osThreadExit)
    osTimerCall                              0x08000aa5   Thumb Code     8  rt_cmsis.o(i.osTimerCall)
    osTimerThread                            0x08000ab1   Thumb Code    38  rt_cmsis.o(i.osTimerThread)
    os_error                                 0x08000add   Thumb Code     2  rtx_conf_cm.o(i.os_error)
    os_idle_demon                            0x08000adf   Thumb Code     2  rtx_conf_cm.o(i.os_idle_demon)
    os_tick_init                             0x08000ae1   Thumb Code    32  rt_system.o(i.os_tick_init)
    os_tick_irqack                           0x08000b09   Thumb Code     2  rt_system.o(i.os_tick_irqack)
    rt_alloc_box                             0x08000b0b   Thumb Code    26  rt_membox.o(i.rt_alloc_box)
    rt_alloc_mem                             0x08000b25   Thumb Code    62  rt_memory.o(i.rt_alloc_mem)
    rt_block                                 0x08000b65   Thumb Code    48  rt_task.o(i.rt_block)
    rt_chk_robin                             0x08000b9d   Thumb Code    60  rt_robin.o(i.rt_chk_robin)
    rt_dec_dly                               0x08000be5   Thumb Code   102  rt_list.o(i.rt_dec_dly)
    rt_dispatch                              0x08000c55   Thumb Code    60  rt_task.o(i.rt_dispatch)
    rt_evt_psh                               0x08000c99   Thumb Code    76  rt_event.o(i.rt_evt_psh)
    rt_free_box                              0x08000ce9   Thumb Code    44  rt_membox.o(i.rt_free_box)
    rt_free_mem                              0x08000d15   Thumb Code    40  rt_memory.o(i.rt_free_mem)
    rt_get_first                             0x08000d3d   Thumb Code    40  rt_list.o(i.rt_get_first)
    rt_init_mem                              0x08000db5   Thumb Code    26  rt_memory.o(i.rt_init_mem)
    rt_init_robin                            0x08000dd1   Thumb Code    14  rt_robin.o(i.rt_init_robin)
    rt_init_stack                            0x08000de9   Thumb Code   118  hal_cm.o(i.rt_init_stack)
    rt_mbx_check                             0x08000e69   Thumb Code     8  rt_mailbox.o(i.rt_mbx_check)
    rt_mbx_init                              0x08000e71   Thumb Code    26  rt_mailbox.o(i.rt_mbx_init)
    rt_mbx_psh                               0x08000e8d   Thumb Code   236  rt_mailbox.o(i.rt_mbx_psh)
    rt_mbx_wait                              0x08000f7d   Thumb Code   174  rt_mailbox.o(i.rt_mbx_wait)
    rt_mut_release                           0x08001075   Thumb Code   208  rt_mutex.o(i.rt_mut_release)
    rt_mut_wait                              0x0800114d   Thumb Code   100  rt_mutex.o(i.rt_mut_wait)
    rt_pop_req                               0x080011b5   Thumb Code   112  rt_system.o(i.rt_pop_req)
    rt_psh_req                               0x08001231   Thumb Code    22  rt_system.o(i.rt_psh_req)
    rt_psq_enq                               0x08001251   Thumb Code    88  rt_list.o(i.rt_psq_enq)
    rt_put_dly                               0x080012ad   Thumb Code    68  rt_list.o(i.rt_put_dly)
    rt_put_prio                              0x080012f5   Thumb Code    54  rt_list.o(i.rt_put_prio)
    rt_put_rdy_first                         0x0800132d   Thumb Code    14  rt_list.o(i.rt_put_rdy_first)
    rt_resort_prio                           0x08001341   Thumb Code    46  rt_list.o(i.rt_resort_prio)
    rt_ret_val                               0x08001375   Thumb Code     6  hal_cm.o(i.rt_ret_val)
    rt_ret_val2                              0x0800137b   Thumb Code     8  hal_cm.o(i.rt_ret_val2)
    rt_rmv_dly                               0x08001383   Thumb Code    40  rt_list.o(i.rt_rmv_dly)
    rt_rmv_list                              0x080013ad   Thumb Code    44  rt_list.o(i.rt_rmv_list)
    rt_sem_psh                               0x080013dd   Thumb Code    48  rt_semaphore.o(i.rt_sem_psh)
    rt_stk_check                             0x08001411   Thumb Code    28  rt_system.o(i.rt_stk_check)
    rt_switch_req                            0x08001435   Thumb Code    30  rt_task.o(i.rt_switch_req)
    rt_sys_init                              0x0800145d   Thumb Code   138  rt_task.o(i.rt_sys_init)
    rt_sys_start                             0x08001529   Thumb Code   110  rt_task.o(i.rt_sys_start)
    rt_systick                               0x080015a1   Thumb Code    50  rt_system.o(i.rt_systick)
    rt_tsk_create                            0x08001629   Thumb Code   118  rt_task.o(i.rt_tsk_create)
    rt_tsk_delete                            0x080016b1   Thumb Code   352  rt_task.o(i.rt_tsk_delete)
    rt_tsk_prio                              0x0800182d   Thumb Code   108  rt_task.o(i.rt_tsk_prio)
    rt_tsk_self                              0x080018a9   Thumb Code    12  rt_task.o(i.rt_tsk_self)
    svcKernelInitialize                      0x080018b9   Thumb Code    80  rt_cmsis.o(i.svcKernelInitialize)
    svcKernelStart                           0x08001929   Thumb Code    62  rt_cmsis.o(i.svcKernelStart)
    svcMessageCreate                         0x08001971   Thumb Code    36  rt_cmsis.o(i.svcMessageCreate)
    svcMessageGet                            0x08001995   Thumb Code    58  rt_cmsis.o(i.svcMessageGet)
    svcThreadCreate                          0x080019d1   Thumb Code   100  rt_cmsis.o(i.svcThreadCreate)
    svcThreadGetId                           0x08001a41   Thumb Code    22  rt_cmsis.o(i.svcThreadGetId)
    svcThreadTerminate                       0x08001a5d   Thumb Code    50  rt_cmsis.o(i.svcThreadTerminate)
    svcTimerCall                             0x08001a95   Thumb Code    24  rt_cmsis.o(i.svcTimerCall)
    sysTimerTick                             0x08001aad   Thumb Code    84  rt_cmsis.o(i.sysTimerTick)
    os_maxtaskrun                            0x08001b08   Data           2  rtx_conf_cm.o(.constdata)
    os_stackinfo                             0x08001b0c   Data           4  rtx_conf_cm.o(.constdata)
    os_rrobin                                0x08001b10   Data           4  rtx_conf_cm.o(.constdata)
    os_trv                                   0x08001b14   Data           4  rtx_conf_cm.o(.constdata)
    os_flags                                 0x08001b18   Data           1  rtx_conf_cm.o(.constdata)
    CMSIS_RTOS_API_Version                   0x08001b1c   Data           4  rtx_conf_cm.o(.constdata)
    CMSIS_RTOS_RTX_Version                   0x08001b20   Data           4  rtx_conf_cm.o(.constdata)
    os_clockrate                             0x08001b24   Data           4  rtx_conf_cm.o(.constdata)
    os_timernum                              0x08001b28   Data           4  rtx_conf_cm.o(.constdata)
    mp_tcb_size                              0x08001b2c   Data           2  rtx_conf_cm.o(.constdata)
    mp_stk_size                              0x08001b30   Data           4  rtx_conf_cm.o(.constdata)
    os_stack_sz                              0x08001b34   Data           4  rtx_conf_cm.o(.constdata)
    os_fifo_size                             0x08001b38   Data           1  rtx_conf_cm.o(.constdata)
    os_thread_def_osTimerThread              0x08001b3c   Data          16  rtx_conf_cm.o(.constdata)
    os_messageQ_def_osTimerMessageQ          0x08001b4c   Data           8  rtx_conf_cm.o(.constdata)
    mp_tmr_size                              0x08001b54   Data           2  rtx_conf_cm.o(.constdata)
    Region$$Table$$Base                      0x08001b58   Number         0  anon$$obj.o(Region$$Table)
    Region$$Table$$Limit                     0x08001b78   Number         0  anon$$obj.o(Region$$Table)
    m_tmr                                    0x20000000   Data           4  rtx_conf_cm.o(.data)
    os_thread_def_main                       0x20000004   Data          16  rtx_conf_cm.o(.data)
    osThreadId_osTimerThread                 0x20000014   Data           4  rtx_conf_cm.o(.data)
    osMessageQId_osTimerMessageQ             0x20000018   Data           4  rtx_conf_cm.o(.data)
    os_initialized                           0x2000001c   Data           1  rt_cmsis.o(.data)
    os_running                               0x2000001d   Data           1  rt_cmsis.o(.data)
    os_timer_head                            0x20000020   Data           4  rt_cmsis.o(.data)
    os_tsk                                   0x20000024   Data           8  rt_task.o(.data)
    os_tick_irqn                             0x20000030   Data           4  rt_system.o(.data)
    os_time                                  0x20000034   Data           4  rt_time.o(.data)
    os_robin                                 0x20000038   Data           8  rt_robin.o(.data)
    dbg_msg                                  0x20000040   Data           1  hal_cm.o(.data)
    os_messageQ_q_osTimerMessageQ            0x20000044   Data          32  rtx_conf_cm.o(.bss)
    mp_tcb                                   0x20000064   Data         376  rtx_conf_cm.o(.bss)
    mp_stk                                   0x200001e0   Data        1216  rtx_conf_cm.o(.bss)
    os_stack_mem                             0x200006a0   Data         432  rtx_conf_cm.o(.bss)
    os_fifo                                  0x20000850   Data         132  rtx_conf_cm.o(.bss)
    os_active_TCB                            0x200008d4   Data          28  rtx_conf_cm.o(.bss)
    os_idle_TCB                              0x20000910   Data          52  rt_task.o(.bss)
    os_rdy                                   0x20000944   Data          24  rt_list.o(.bss)
    os_dly                                   0x2000095c   Data          24  rt_list.o(.bss)
    __libspace_start                         0x20000974   Data          96  libspace.o(.bss)
    __temporary_stack_top$libspace           0x200009d4   Data           0  libspace.o(.bss)



==============================================================================

Memory Map of the image

  Image Entry point : 0x08000131

  Load Region LR_IROM1 (Base: 0x08000000, Size: 0x00001bbc, Max: 0x00040000, ABSOLUTE)

    Execution Region ER_IROM1 (Base: 0x08000000, Size: 0x00001b78, Max: 0x00040000, ABSOLUTE)

    Base Addr    Size         Type   Attr      Idx    E Section Name        Object

    0x08000000   0x00000130   Data   RO         3602    RESET               startup_stm32f10x_hd.o
    0x08000130   0x00000008   Code   RO         4880  * !!!main             c_w.l(__main.o)
    0x08000138   0x00000034   Code   RO         5232    !!!scatter          c_w.l(__scatter.o)
    0x0800016c   0x0000001a   Code   RO         5234    !!handler_copy      c_w.l(__scatter_copy.o)
    0x08000186   0x00000002   PAD
    0x08000188   0x0000001c   Code   RO         5236    !!handler_zi        c_w.l(__scatter_zi.o)
    0x080001a4   0x00000002   Code   RO         5035    .ARM.Collect$$libinit$$00000000  c_w.l(libinit.o)
    0x080001a6   0x00000000   Code   RO         5037    .ARM.Collect$$libinit$$00000002  c_w.l(libinit2.o)
    0x080001a6   0x00000000   Code   RO         5039    .ARM.Collect$$libinit$$00000004  c_w.l(libinit2.o)
    0x080001a6   0x00000000   Code   RO         5042    .ARM.Collect$$libinit$$0000000A  c_w.l(libinit2.o)
    0x080001a6   0x00000000   Code   RO         5044    .ARM.Collect$$libinit$$0000000C  c_w.l(libinit2.o)
    0x080001a6   0x00000000   Code   RO         5046    .ARM.Collect$$libinit$$0000000E  c_w.l(libinit2.o)
    0x080001a6   0x00000000   Code   RO         5049    .ARM.Collect$$libinit$$00000011  c_w.l(libinit2.o)
    0x080001a6   0x00000000   Code   RO         5051    .ARM.Collect$$libinit$$00000013  c_w.l(libinit2.o)
    0x080001a6   0x00000000   Code   RO         5053    .ARM.Collect$$libinit$$00000015  c_w.l(libinit2.o)
    0x080001a6   0x00000000   Code   RO         5055    .ARM.Collect$$libinit$$00000017  c_w.l(libinit2.o)
    0x080001a6   0x00000000   Code   RO         5057    .ARM.Collect$$libinit$$00000019  c_w.l(libinit2.o)
    0x080001a6   0x00000000   Code   RO         5059    .ARM.Collect$$libinit$$0000001B  c_w.l(libinit2.o)
    0x080001a6   0x00000000   Code   RO         5061    .ARM.Collect$$libinit$$0000001D  c_w.l(libinit2.o)
    0x080001a6   0x00000000   Code   RO         5063    .ARM.Collect$$libinit$$0000001F  c_w.l(libinit2.o)
    0x080001a6   0x00000000   Code   RO         5065    .ARM.Collect$$libinit$$00000021  c_w.l(libinit2.o)
    0x080001a6   0x00000000   Code   RO         5067    .ARM.Collect$$libinit$$00000023  c_w.l(libinit2.o)
    0x080001a6   0x00000000   Code   RO         5069    .ARM.Collect$$libinit$$00000025  c_w.l(libinit2.o)
    0x080001a6   0x00000000   Code   RO         5073    .ARM.Collect$$libinit$$0000002C  c_w.l(libinit2.o)
    0x080001a6   0x00000000   Code   RO         5075    .ARM.Collect$$libinit$$0000002E  c_w.l(libinit2.o)
    0x080001a6   0x00000000   Code   RO         5077    .ARM.Collect$$libinit$$00000030  c_w.l(libinit2.o)
    0x080001a6   0x00000000   Code   RO         5079    .ARM.Collect$$libinit$$00000032  c_w.l(libinit2.o)
    0x080001a6   0x00000002   Code   RO         5080    .ARM.Collect$$libinit$$00000033  c_w.l(libinit2.o)
    0x080001a8   0x00000002   Code   RO         5081    .ARM.Collect$$libshutdown$$00000000  c_w.l(libshutdown.o)
    0x080001aa   0x00000000   Code   RO         5083    .ARM.Collect$$libshutdown$$00000002  c_w.l(libshutdown2.o)
    0x080001aa   0x00000000   Code   RO         5085    .ARM.Collect$$libshutdown$$00000004  c_w.l(libshutdown2.o)
    0x080001aa   0x00000000   Code   RO         5088    .ARM.Collect$$libshutdown$$00000007  c_w.l(libshutdown2.o)
    0x080001aa   0x00000000   Code   RO         5091    .ARM.Collect$$libshutdown$$0000000A  c_w.l(libshutdown2.o)
    0x080001aa   0x00000000   Code   RO         5093    .ARM.Collect$$libshutdown$$0000000C  c_w.l(libshutdown2.o)
    0x080001aa   0x00000000   Code   RO         5096    .ARM.Collect$$libshutdown$$0000000F  c_w.l(libshutdown2.o)
    0x080001aa   0x00000002   Code   RO         5097    .ARM.Collect$$libshutdown$$00000010  c_w.l(libshutdown2.o)
    0x080001ac   0x00000000   Code   RO         4882    .ARM.Collect$$rtentry$$00000000  c_w.l(__rtentry.o)
    0x080001ac   0x00000000   Code   RO         4902    .ARM.Collect$$rtentry$$00000002  c_w.l(__rtentry2.o)
    0x080001ac   0x00000006   Code   RO         4914    .ARM.Collect$$rtentry$$00000004  c_w.l(__rtentry4.o)
    0x080001b2   0x00000000   Code   RO         4904    .ARM.Collect$$rtentry$$00000009  c_w.l(__rtentry2.o)
    0x080001b2   0x00000004   Code   RO         4905    .ARM.Collect$$rtentry$$0000000A  c_w.l(__rtentry2.o)
    0x080001b6   0x00000008   Code   RO         4906    .ARM.Collect$$rtentry$$0000000B  c_w.l(__rtentry2.o)
    0x080001be   0x00000008   Code   RO         4908    .ARM.Collect$$rtentry$$0000000D  c_w.l(__rtentry2.o)
    0x080001c6   0x00000002   Code   RO         4883    .ARM.Collect$$rtexit$$00000000  c_w.l(rtexit.o)
    0x080001c8   0x00000000   Code   RO         4917    .ARM.Collect$$rtexit$$00000002  c_w.l(rtexit2.o)
    0x080001c8   0x00000004   Code   RO         4918    .ARM.Collect$$rtexit$$00000003  c_w.l(rtexit2.o)
    0x080001cc   0x00000006   Code   RO         4919    .ARM.Collect$$rtexit$$00000004  c_w.l(rtexit2.o)
    0x080001d2   0x00000002   PAD
    0x080001d4   0x0000001c   Code   RO         1200    .emb_text           rtx_conf_cm.o
    0x080001f0   0x00000130   Code   RO         4846    .emb_text           RTX_CM3.lib(hal_cm3.o)
    0x08000320   0x00000040   Code   RO         3603    .text               startup_stm32f10x_hd.o
    0x08000360   0x00000008   Code   RO         4861    .text               c_w.l(libspace.o)
    0x08000368   0x00000012   Code   RO         4870    .text               c_w.l(exit.o)
    0x0800037a   0x00000006   Code   RO         4878    .text               c_w.l(heapauxi.o)
    0x08000380   0x0000000c   Code   RO         4946    .text               c_w.l(sys_exit.o)
    0x0800038c   0x0000004a   Code   RO         4948    .text               c_w.l(sys_stackheap_outer.o)
    0x080003d6   0x00000002   Code   RO         5100    .text               c_w.l(use_no_semi.o)
    0x080003d8   0x00000000   Code   RO         5102    .text               c_w.l(indicate_semi.o)
    0x080003d8   0x00000004   Code   RO         4856    SVC_TABLE           RTX_CM3.lib(svc_table.o)
    0x080003dc   0x00000002   Code   RO         3351    i.DMA1_Channel1_Event  dma_stm32f10x.o
    0x080003de   0x00000002   PAD
    0x080003e0   0x00000018   Code   RO         3352    i.DMA1_Channel1_IRQHandler  dma_stm32f10x.o
    0x080003f8   0x00000002   Code   RO         3353    i.DMA1_Channel2_Event  dma_stm32f10x.o
    0x080003fa   0x00000002   PAD
    0x080003fc   0x00000018   Code   RO         3354    i.DMA1_Channel2_IRQHandler  dma_stm32f10x.o
    0x08000414   0x00000002   Code   RO         3355    i.DMA1_Channel3_Event  dma_stm32f10x.o
    0x08000416   0x00000002   PAD
    0x08000418   0x00000018   Code   RO         3356    i.DMA1_Channel3_IRQHandler  dma_stm32f10x.o
    0x08000430   0x00000002   Code   RO         3357    i.DMA1_Channel4_Event  dma_stm32f10x.o
    0x08000432   0x00000002   PAD
    0x08000434   0x00000018   Code   RO         3358    i.DMA1_Channel4_IRQHandler  dma_stm32f10x.o
    0x0800044c   0x00000002   Code   RO         3359    i.DMA1_Channel5_Event  dma_stm32f10x.o
    0x0800044e   0x00000002   PAD
    0x08000450   0x00000018   Code   RO         3360    i.DMA1_Channel5_IRQHandler  dma_stm32f10x.o
    0x08000468   0x00000002   Code   RO         3361    i.DMA1_Channel6_Event  dma_stm32f10x.o
    0x0800046a   0x00000002   PAD
    0x0800046c   0x00000018   Code   RO         3362    i.DMA1_Channel6_IRQHandler  dma_stm32f10x.o
    0x08000484   0x00000002   Code   RO         3363    i.DMA1_Channel7_Event  dma_stm32f10x.o
    0x08000486   0x00000002   PAD
    0x08000488   0x00000018   Code   RO         3364    i.DMA1_Channel7_IRQHandler  dma_stm32f10x.o
    0x080004a0   0x00000002   Code   RO         3365    i.DMA2_Channel1_Event  dma_stm32f10x.o
    0x080004a2   0x00000002   PAD
    0x080004a4   0x0000001c   Code   RO         3366    i.DMA2_Channel1_IRQHandler  dma_stm32f10x.o
    0x080004c0   0x00000002   Code   RO         3367    i.DMA2_Channel2_Event  dma_stm32f10x.o
    0x080004c2   0x00000002   PAD
    0x080004c4   0x0000001c   Code   RO         3368    i.DMA2_Channel2_IRQHandler  dma_stm32f10x.o
    0x080004e0   0x00000002   Code   RO         3369    i.DMA2_Channel3_Event  dma_stm32f10x.o
    0x080004e2   0x00000002   PAD
    0x080004e4   0x0000001c   Code   RO         3370    i.DMA2_Channel3_IRQHandler  dma_stm32f10x.o
    0x08000500   0x00000030   Code   RO         3371    i.DMA2_Channel4_5_IRQHandler  dma_stm32f10x.o
    0x08000530   0x00000040   Code   RO         1293    i.DMA2_Channel4_Event  mci_stm32f10x.o
    0x08000570   0x00000002   Code   RO         3374    i.DMA2_Channel5_Event  dma_stm32f10x.o
    0x08000572   0x00000002   PAD
    0x08000574   0x000001a8   Code   RO         1301    i.SDIO_IRQHandler   mci_stm32f10x.o
    0x0800071c   0x000000a8   Code   RO         3610    i.SetSysClockTo72   system_stm32f10x.o
    0x080007c4   0x00000050   Code   RO         3612    i.SystemInit        system_stm32f10x.o
    0x08000814   0x00000046   Code   RO         4745    i._init_box         RTX_CM3.lib(rt_membox.o)
    0x0800085a   0x00000002   PAD
    0x0800085c   0x00000020   Code   RO         1202    i._mutex_acquire    rtx_conf_cm.o
    0x0800087c   0x0000001c   Code   RO         1204    i._mutex_release    rtx_conf_cm.o
    0x08000898   0x00000030   Code   RO         4798    i.dbg_init          RTX_CM3.lib(hal_cm.o)
    0x080008c8   0x00000020   Code   RO         4799    i.dbg_task_notify   RTX_CM3.lib(hal_cm.o)
    0x080008e8   0x00000010   Code   RO         4800    i.dbg_task_switch   RTX_CM3.lib(hal_cm.o)
    0x080008f8   0x0000002a   Code   RO         3651    i.isrMessageGet     RTX_CM3.lib(rt_cmsis.o)
    0x08000922   0x0000002c   Code   RO         3652    i.isrMessagePut     RTX_CM3.lib(rt_cmsis.o)
    0x0800094e   0x00000002   PAD
    0x08000950   0x00000052   Code   RO         4600    i.isr_mbx_receive   RTX_CM3.lib(rt_mailbox.o)
    0x080009a2   0x0000000e   Code   RO         4601    i.isr_mbx_send      RTX_CM3.lib(rt_mailbox.o)
    0x080009b0   0x00000002   Code   RO            4    i.main              main.o
    0x080009b2   0x00000002   PAD
    0x080009b4   0x00000024   Code   RO         3656    i.osKernelInitialize  RTX_CM3.lib(rt_cmsis.o)
    0x080009d8   0x0000006c   Code   RO         3658    i.osKernelStart     RTX_CM3.lib(rt_cmsis.o)
    0x08000a44   0x00000018   Code   RO         3667    i.osMessageGet      RTX_CM3.lib(rt_cmsis.o)
    0x08000a5c   0x00000030   Code   RO         3684    i.osThreadCreate    RTX_CM3.lib(rt_cmsis.o)
    0x08000a8c   0x00000018   Code   RO         3685    i.osThreadExit      RTX_CM3.lib(rt_cmsis.o)
    0x08000aa4   0x0000000c   Code   RO         3691    i.osTimerCall       RTX_CM3.lib(rt_cmsis.o)
    0x08000ab0   0x0000002c   Code   RO         3696    i.osTimerThread     RTX_CM3.lib(rt_cmsis.o)
    0x08000adc   0x00000002   Code   RO         1205    i.os_error          rtx_conf_cm.o
    0x08000ade   0x00000002   Code   RO         1206    i.os_idle_demon     rtx_conf_cm.o
    0x08000ae0   0x00000028   Code   RO         4392    i.os_tick_init      RTX_CM3.lib(rt_system.o)
    0x08000b08   0x00000002   Code   RO         4393    i.os_tick_irqack    RTX_CM3.lib(rt_system.o)
    0x08000b0a   0x0000001a   Code   RO         4746    i.rt_alloc_box      RTX_CM3.lib(rt_membox.o)
    0x08000b24   0x0000003e   Code   RO         4774    i.rt_alloc_mem      RTX_CM3.lib(rt_memory.o)
    0x08000b62   0x00000002   PAD
    0x08000b64   0x00000038   Code   RO         4273    i.rt_block          RTX_CM3.lib(rt_task.o)
    0x08000b9c   0x00000048   Code   RO         4723    i.rt_chk_robin      RTX_CM3.lib(rt_robin.o)
    0x08000be4   0x00000070   Code   RO         4524    i.rt_dec_dly        RTX_CM3.lib(rt_list.o)
    0x08000c54   0x00000044   Code   RO         4274    i.rt_dispatch       RTX_CM3.lib(rt_task.o)
    0x08000c98   0x00000050   Code   RO         4485    i.rt_evt_psh        RTX_CM3.lib(rt_event.o)
    0x08000ce8   0x0000002c   Code   RO         4747    i.rt_free_box       RTX_CM3.lib(rt_membox.o)
    0x08000d14   0x00000028   Code   RO         4775    i.rt_free_mem       RTX_CM3.lib(rt_memory.o)
    0x08000d3c   0x00000028   Code   RO         4525    i.rt_get_first      RTX_CM3.lib(rt_list.o)
    0x08000d64   0x00000008   Code   RO         3701    i.rt_id2obj         RTX_CM3.lib(rt_cmsis.o)
    0x08000d6c   0x00000048   Code   RO         4275    i.rt_init_context   RTX_CM3.lib(rt_task.o)
    0x08000db4   0x0000001a   Code   RO         4776    i.rt_init_mem       RTX_CM3.lib(rt_memory.o)
    0x08000dce   0x00000002   PAD
    0x08000dd0   0x00000018   Code   RO         4724    i.rt_init_robin     RTX_CM3.lib(rt_robin.o)
    0x08000de8   0x00000080   Code   RO         4801    i.rt_init_stack     RTX_CM3.lib(hal_cm.o)
    0x08000e68   0x00000008   Code   RO         4602    i.rt_mbx_check      RTX_CM3.lib(rt_mailbox.o)
    0x08000e70   0x0000001a   Code   RO         4603    i.rt_mbx_init       RTX_CM3.lib(rt_mailbox.o)
    0x08000e8a   0x00000002   PAD
    0x08000e8c   0x000000f0   Code   RO         4604    i.rt_mbx_psh        RTX_CM3.lib(rt_mailbox.o)
    0x08000f7c   0x000000b4   Code   RO         4606    i.rt_mbx_wait       RTX_CM3.lib(rt_mailbox.o)
    0x08001030   0x00000044   Code   RO         3702    i.rt_ms2tick        RTX_CM3.lib(rt_cmsis.o)
    0x08001074   0x000000d8   Code   RO         4359    i.rt_mut_release    RTX_CM3.lib(rt_mutex.o)
    0x0800114c   0x00000068   Code   RO         4360    i.rt_mut_wait       RTX_CM3.lib(rt_mutex.o)
    0x080011b4   0x0000007c   Code   RO         4396    i.rt_pop_req        RTX_CM3.lib(rt_system.o)
    0x08001230   0x00000020   Code   RO         4397    i.rt_psh_req        RTX_CM3.lib(rt_system.o)
    0x08001250   0x0000005c   Code   RO         4527    i.rt_psq_enq        RTX_CM3.lib(rt_list.o)
    0x080012ac   0x00000048   Code   RO         4528    i.rt_put_dly        RTX_CM3.lib(rt_list.o)
    0x080012f4   0x00000036   Code   RO         4529    i.rt_put_prio       RTX_CM3.lib(rt_list.o)
    0x0800132a   0x00000002   PAD
    0x0800132c   0x00000014   Code   RO         4530    i.rt_put_rdy_first  RTX_CM3.lib(rt_list.o)
    0x08001340   0x00000034   Code   RO         4531    i.rt_resort_prio    RTX_CM3.lib(rt_list.o)
    0x08001374   0x00000006   Code   RO         4802    i.rt_ret_val        RTX_CM3.lib(hal_cm.o)
    0x0800137a   0x00000008   Code   RO         4803    i.rt_ret_val2       RTX_CM3.lib(hal_cm.o)
    0x08001382   0x00000028   Code   RO         4532    i.rt_rmv_dly        RTX_CM3.lib(rt_list.o)
    0x080013aa   0x00000002   PAD
    0x080013ac   0x00000030   Code   RO         4533    i.rt_rmv_list       RTX_CM3.lib(rt_list.o)
    0x080013dc   0x00000034   Code   RO         4651    i.rt_sem_psh        RTX_CM3.lib(rt_semaphore.o)
    0x08001410   0x00000024   Code   RO         4399    i.rt_stk_check      RTX_CM3.lib(rt_system.o)
    0x08001434   0x00000028   Code   RO         4276    i.rt_switch_req     RTX_CM3.lib(rt_task.o)
    0x0800145c   0x000000cc   Code   RO         4277    i.rt_sys_init       RTX_CM3.lib(rt_task.o)
    0x08001528   0x00000078   Code   RO         4278    i.rt_sys_start      RTX_CM3.lib(rt_task.o)
    0x080015a0   0x00000040   Code   RO         4401    i.rt_systick        RTX_CM3.lib(rt_system.o)
    0x080015e0   0x00000012   Code   RO         3703    i.rt_tid2ptcb       RTX_CM3.lib(rt_cmsis.o)
    0x080015f2   0x00000002   PAD
    0x080015f4   0x00000034   Code   RO         3704    i.rt_timer_insert   RTX_CM3.lib(rt_cmsis.o)
    0x08001628   0x00000088   Code   RO         4279    i.rt_tsk_create     RTX_CM3.lib(rt_task.o)
    0x080016b0   0x0000017c   Code   RO         4280    i.rt_tsk_delete     RTX_CM3.lib(rt_task.o)
    0x0800182c   0x0000007c   Code   RO         4282    i.rt_tsk_prio       RTX_CM3.lib(rt_task.o)
    0x080018a8   0x00000010   Code   RO         4283    i.rt_tsk_self       RTX_CM3.lib(rt_task.o)
    0x080018b8   0x00000070   Code   RO         3707    i.svcKernelInitialize  RTX_CM3.lib(rt_cmsis.o)
    0x08001928   0x00000048   Code   RO         3709    i.svcKernelStart    RTX_CM3.lib(rt_cmsis.o)
    0x08001970   0x00000024   Code   RO         3712    i.svcMessageCreate  RTX_CM3.lib(rt_cmsis.o)
    0x08001994   0x0000003a   Code   RO         3713    i.svcMessageGet     RTX_CM3.lib(rt_cmsis.o)
    0x080019ce   0x00000002   PAD
    0x080019d0   0x00000070   Code   RO         3727    i.svcThreadCreate   RTX_CM3.lib(rt_cmsis.o)
    0x08001a40   0x0000001c   Code   RO         3728    i.svcThreadGetId    RTX_CM3.lib(rt_cmsis.o)
    0x08001a5c   0x00000038   Code   RO         3731    i.svcThreadTerminate  RTX_CM3.lib(rt_cmsis.o)
    0x08001a94   0x00000018   Code   RO         3733    i.svcTimerCall      RTX_CM3.lib(rt_cmsis.o)
    0x08001aac   0x0000005c   Code   RO         3742    i.sysTimerTick      RTX_CM3.lib(rt_cmsis.o)
    0x08001b08   0x00000002   Data   RO         1214    .constdata          rtx_conf_cm.o
    0x08001b0a   0x00000002   PAD
    0x08001b0c   0x00000004   Data   RO         1215    .constdata          rtx_conf_cm.o
    0x08001b10   0x00000004   Data   RO         1216    .constdata          rtx_conf_cm.o
    0x08001b14   0x00000004   Data   RO         1220    .constdata          rtx_conf_cm.o
    0x08001b18   0x00000001   Data   RO         1221    .constdata          rtx_conf_cm.o
    0x08001b19   0x00000003   PAD
    0x08001b1c   0x00000010   Data   RO         1222    .constdata          rtx_conf_cm.o
    0x08001b2c   0x00000002   Data   RO         1223    .constdata          rtx_conf_cm.o
    0x08001b2e   0x00000002   PAD
    0x08001b30   0x00000004   Data   RO         1224    .constdata          rtx_conf_cm.o
    0x08001b34   0x00000004   Data   RO         1225    .constdata          rtx_conf_cm.o
    0x08001b38   0x00000001   Data   RO         1226    .constdata          rtx_conf_cm.o
    0x08001b39   0x00000003   PAD
    0x08001b3c   0x00000010   Data   RO         1227    .constdata          rtx_conf_cm.o
    0x08001b4c   0x00000008   Data   RO         1228    .constdata          rtx_conf_cm.o
    0x08001b54   0x00000002   Data   RO         1229    .constdata          rtx_conf_cm.o
    0x08001b56   0x00000002   PAD
    0x08001b58   0x00000020   Data   RO         5230    Region$$Table       anon$$obj.o


    Execution Region RW_IRAM1 (Base: 0x20000000, Size: 0x00000fd8, Max: 0x0000c000, ABSOLUTE)

    Base Addr    Size         Type   Attr      Idx    E Section Name        Object

    0x20000000   0x00000004   Data   RW         1231    .data               rtx_conf_cm.o
    0x20000004   0x00000010   Data   RW         1232    .data               rtx_conf_cm.o
    0x20000014   0x00000004   Data   RW         1233    .data               rtx_conf_cm.o
    0x20000018   0x00000004   Data   RW         1234    .data               rtx_conf_cm.o
    0x2000001c   0x00000008   Data   RW         3745    .data               RTX_CM3.lib(rt_cmsis.o)
    0x20000024   0x00000008   Data   RW         4285    .data               RTX_CM3.lib(rt_task.o)
    0x2000002c   0x00000008   Data   RW         4404    .data               RTX_CM3.lib(rt_system.o)
    0x20000034   0x00000004   Data   RW         4694    .data               RTX_CM3.lib(rt_time.o)
    0x20000038   0x00000008   Data   RW         4725    .data               RTX_CM3.lib(rt_robin.o)
    0x20000040   0x00000001   Data   RW         4804    .data               RTX_CM3.lib(hal_cm.o)
    0x20000041   0x00000003   PAD
    0x20000044   0x00000020   Zero   RW         1207    .bss                rtx_conf_cm.o
    0x20000064   0x00000178   Zero   RW         1208    .bss                rtx_conf_cm.o
    0x200001dc   0x00000004   PAD
    0x200001e0   0x000004c0   Zero   RW         1209    .bss                rtx_conf_cm.o
    0x200006a0   0x000001b0   Zero   RW         1210    .bss                rtx_conf_cm.o
    0x20000850   0x00000084   Zero   RW         1211    .bss                rtx_conf_cm.o
    0x200008d4   0x0000001c   Zero   RW         1212    .bss                rtx_conf_cm.o
    0x200008f0   0x00000020   Zero   RW         1305    .bss                mci_stm32f10x.o
    0x20000910   0x00000034   Zero   RW         4284    .bss                RTX_CM3.lib(rt_task.o)
    0x20000944   0x00000030   Zero   RW         4534    .bss                RTX_CM3.lib(rt_list.o)
    0x20000974   0x00000060   Zero   RW         4862    .bss                c_w.l(libspace.o)
    0x200009d4   0x00000004   PAD
    0x200009d8   0x00000200   Zero   RW         3601    HEAP                startup_stm32f10x_hd.o
    0x20000bd8   0x00000400   Zero   RW         3600    STACK               startup_stm32f10x_hd.o


==============================================================================

Image component sizes


      Code (inc. data)   RO Data    RW Data    ZI Data      Debug   Object Name

       322         50          0          0          0      11421   dma_stm32f10x.o
         2          0          0          0          0     208099   main.o
       488         18          0          0         32      12786   mci_stm32f10x.o
        92         26         68         28       2216       8795   rtx_conf_cm.o
        64         26        304          0       1536        780   startup_stm32f10x_hd.o
       248         24          0          0          0       1493   system_stm32f10x.o

    ----------------------------------------------------------------------
      1240        144        416         28       3788     243374   Object Totals
         0          0         32          0          0          0   (incl. Generated)
        24          0         12          0          4          0   (incl. Padding)

    ----------------------------------------------------------------------

      Code (inc. data)   RO Data    RW Data    ZI Data      Debug   Library Member Name

       238         24          0          1          0       3256   hal_cm.o
       304         36          0          0          0        760   hal_cm3.o
      1118        140          0          8          0      31165   rt_cmsis.o
        80          4          0          0          0        653   rt_event.o
       530         34          0          0         48       8165   rt_list.o
       550         10          0          0          0       3897   rt_mailbox.o
       140          0          0          0          0       1901   rt_membox.o
       128          0          0          0          0       2275   rt_memory.o
       320         12          0          0          0       1603   rt_mutex.o
        96         22          0          8          0       1134   rt_robin.o
        52          4          0          0          0        565   rt_semaphore.o
       298         52          0          8          0       6151   rt_system.o
      1216        174          0          8         52       9545   rt_task.o
         0          0          0          4          0        206   rt_time.o
         4          4          0          0          0        200   svc_table.o
         8          0          0          0          0         68   __main.o
         0          0          0          0          0          0   __rtentry.o
        20          0          0          0          0          0   __rtentry2.o
         6          0          0          0          0          0   __rtentry4.o
        52          8          0          0          0          0   __scatter.o
        26          0          0          0          0          0   __scatter_copy.o
        28          0          0          0          0          0   __scatter_zi.o
        18          0          0          0          0         80   exit.o
         6          0          0          0          0        152   heapauxi.o
         0          0          0          0          0          0   indicate_semi.o
         2          0          0          0          0          0   libinit.o
         2          0          0          0          0          0   libinit2.o
         2          0          0          0          0          0   libshutdown.o
         2          0          0          0          0          0   libshutdown2.o
         8          4          0          0         96         68   libspace.o
         2          0          0          0          0          0   rtexit.o
        10          0          0          0          0          0   rtexit2.o
        12          4          0          0          0         68   sys_exit.o
        74          0          0          0          0         80   sys_stackheap_outer.o
         2          0          0          0          0         68   use_no_semi.o

    ----------------------------------------------------------------------
      5376        532          0         40        200      72060   Library Totals
        22          0          0          3          4          0   (incl. Padding)

    ----------------------------------------------------------------------

      Code (inc. data)   RO Data    RW Data    ZI Data      Debug   Library Name

      5074        516          0         37        100      71476   RTX_CM3.lib
       280         16          0          0         96        584   c_w.l

    ----------------------------------------------------------------------
      5376        532          0         40        200      72060   Library Totals

    ----------------------------------------------------------------------

==============================================================================


      Code (inc. data)   RO Data    RW Data    ZI Data      Debug   

      6616        676        416         68       3988     310126   Grand Totals
      6616        676        416         68       3988     310126   ELF Image Totals
      6616        676        416         68          0          0   ROM Totals

==============================================================================

    Total RO  Size (Code + RO Data)                 7032 (   6.87kB)
    Total RW  Size (RW Data + ZI Data)              4056 (   3.96kB)
    Total ROM Size (Code + RO Data + RW Data)       7100 (   6.93kB)

==============================================================================

